Archive member included to satisfy reference by file (symbol)

.\CortexM3\ARM_GCC_541\Debug\Foco leds.a(Sw1.o)
                              .\CortexM3\ARM_GCC_541\Debug\main.o (Sw1_ClearInterrupt)
.\CortexM3\ARM_GCC_541\Debug\Foco leds.a(IRQ_Sw.o)
                              .\CortexM3\ARM_GCC_541\Debug\main.o (IRQ_Sw_StartEx)
.\CortexM3\ARM_GCC_541\Debug\Foco leds.a(LED1.o)
                              .\CortexM3\ARM_GCC_541\Debug\main.o (LED1_Write)
.\CortexM3\ARM_GCC_541\Debug\Foco leds.a(LED2.o)
                              .\CortexM3\ARM_GCC_541\Debug\main.o (LED2_Write)
.\CortexM3\ARM_GCC_541\Debug\Foco leds.a(LED3.o)
                              .\CortexM3\ARM_GCC_541\Debug\main.o (LED3_Write)
.\CortexM3\ARM_GCC_541\Debug\Foco leds.a(LED4.o)
                              .\CortexM3\ARM_GCC_541\Debug\main.o (LED4_Write)
.\CortexM3\ARM_GCC_541\Debug\Foco leds.a(LED5.o)
                              .\CortexM3\ARM_GCC_541\Debug\main.o (LED5_Write)
.\CortexM3\ARM_GCC_541\Debug\Foco leds.a(LED6.o)
                              .\CortexM3\ARM_GCC_541\Debug\main.o (LED6_Write)
.\CortexM3\ARM_GCC_541\Debug\Foco leds.a(LED7.o)
                              .\CortexM3\ARM_GCC_541\Debug\main.o (LED7_Write)
.\CortexM3\ARM_GCC_541\Debug\Foco leds.a(LED8.o)
                              .\CortexM3\ARM_GCC_541\Debug\main.o (LED8_Write)
.\CortexM3\ARM_GCC_541\Debug\Foco leds.a(LED9.o)
                              .\CortexM3\ARM_GCC_541\Debug\main.o (LED9_Write)
.\CortexM3\ARM_GCC_541\Debug\Foco leds.a(LED10.o)
                              .\CortexM3\ARM_GCC_541\Debug\main.o (LED10_Write)
.\CortexM3\ARM_GCC_541\Debug\Foco leds.a(LCD_BarGraph.o)
                              .\CortexM3\ARM_GCC_541\Debug\main.o (LCD_DrawHorizontalBG)
.\CortexM3\ARM_GCC_541\Debug\Foco leds.a(LCD.o)
                              .\CortexM3\ARM_GCC_541\Debug\Foco leds.a(LCD_BarGraph.o) (LCD_IsReady)
.\CortexM3\ARM_GCC_541\Debug\Foco leds.a(FOCO.o)
                              .\CortexM3\ARM_GCC_541\Debug\main.o (FOCO_Write)
.\CortexM3\ARM_GCC_541\Debug\Foco leds.a(CyLib.o)
                              .\CortexM3\ARM_GCC_541\Debug\Cm3Start.o (CyHalt)
.\CortexM3\ARM_GCC_541\Debug\Foco leds.a(cyPm.o)
                              .\CortexM3\ARM_GCC_541\Debug\Foco leds.a(CyLib.o) (CyPmReadStatus)
.\CortexM3\ARM_GCC_541\Debug\Foco leds.a(CyBootAsmGnu.o)
                              .\CortexM3\ARM_GCC_541\Debug\cyfitter_cfg.o (CyDelayCycles)
.\CortexM3\ARM_GCC_541\Debug\Foco leds.a(CyFlash.o)
                              .\CortexM3\ARM_GCC_541\Debug\Foco leds.a(cyPm.o) (CyFlash_SetWaitCycles)
.\CortexM3\ARM_GCC_541\Debug\Foco leds.a(CySpc.o)
                              .\CortexM3\ARM_GCC_541\Debug\Foco leds.a(CyFlash.o) (CySpcStart)
c:/program files (x86)/cypress/psoc creator/4.2/psoc creator/import/gnu/arm/5.4.1/bin/../lib/gcc/arm-none-eabi/5.4.1/../../../../arm-none-eabi/lib/armv7-m\libg_nano.a(lib_a-errno.o)
                              .\CortexM3\ARM_GCC_541\Debug\Cm3Start.o (__errno)
c:/program files (x86)/cypress/psoc creator/4.2/psoc creator/import/gnu/arm/5.4.1/bin/../lib/gcc/arm-none-eabi/5.4.1/../../../../arm-none-eabi/lib/armv7-m\libg_nano.a(lib_a-exit.o)
                              c:/program files (x86)/cypress/psoc creator/4.2/psoc creator/import/gnu/arm/5.4.1/bin/../lib/gcc/arm-none-eabi/5.4.1/../../../../arm-none-eabi/lib/armv7-m/crt0.o (exit)
c:/program files (x86)/cypress/psoc creator/4.2/psoc creator/import/gnu/arm/5.4.1/bin/../lib/gcc/arm-none-eabi/5.4.1/../../../../arm-none-eabi/lib/armv7-m\libg_nano.a(lib_a-impure.o)
                              c:/program files (x86)/cypress/psoc creator/4.2/psoc creator/import/gnu/arm/5.4.1/bin/../lib/gcc/arm-none-eabi/5.4.1/../../../../arm-none-eabi/lib/armv7-m\libg_nano.a(lib_a-exit.o) (_global_impure_ptr)
c:/program files (x86)/cypress/psoc creator/4.2/psoc creator/import/gnu/arm/5.4.1/bin/../lib/gcc/arm-none-eabi/5.4.1/../../../../arm-none-eabi/lib/armv7-m\libg_nano.a(lib_a-init.o)
                              c:/program files (x86)/cypress/psoc creator/4.2/psoc creator/import/gnu/arm/5.4.1/bin/../lib/gcc/arm-none-eabi/5.4.1/../../../../arm-none-eabi/lib/armv7-m/crt0.o (__libc_init_array)
c:/program files (x86)/cypress/psoc creator/4.2/psoc creator/import/gnu/arm/5.4.1/bin/../lib/gcc/arm-none-eabi/5.4.1/../../../../arm-none-eabi/lib/armv7-m\libg_nano.a(lib_a-memcpy-stub.o)
                              .\CortexM3\ARM_GCC_541\Debug\cyfitter_cfg.o (memcpy)
c:/program files (x86)/cypress/psoc creator/4.2/psoc creator/import/gnu/arm/5.4.1/bin/../lib/gcc/arm-none-eabi/5.4.1/../../../../arm-none-eabi/lib/armv7-m\libg_nano.a(lib_a-memset.o)
                              c:/program files (x86)/cypress/psoc creator/4.2/psoc creator/import/gnu/arm/5.4.1/bin/../lib/gcc/arm-none-eabi/5.4.1/../../../../arm-none-eabi/lib/armv7-m/crt0.o (memset)

Allocating common symbols
Common symbol       size              file

dieTemperature      0x2               .\CortexM3\ARM_GCC_541\Debug\Foco leds.a(CyFlash.o)

Discarded input sections

 .text          0x00000000        0x0 c:/program files (x86)/cypress/psoc creator/4.2/psoc creator/import/gnu/arm/5.4.1/bin/../lib/gcc/arm-none-eabi/5.4.1/armv7-m/crti.o
 .data          0x00000000        0x0 c:/program files (x86)/cypress/psoc creator/4.2/psoc creator/import/gnu/arm/5.4.1/bin/../lib/gcc/arm-none-eabi/5.4.1/armv7-m/crti.o
 .bss           0x00000000        0x0 c:/program files (x86)/cypress/psoc creator/4.2/psoc creator/import/gnu/arm/5.4.1/bin/../lib/gcc/arm-none-eabi/5.4.1/armv7-m/crti.o
 .data          0x00000000        0x4 c:/program files (x86)/cypress/psoc creator/4.2/psoc creator/import/gnu/arm/5.4.1/bin/../lib/gcc/arm-none-eabi/5.4.1/armv7-m/crtbegin.o
 .text          0x00000000       0x74 c:/program files (x86)/cypress/psoc creator/4.2/psoc creator/import/gnu/arm/5.4.1/bin/../lib/gcc/arm-none-eabi/5.4.1/../../../../arm-none-eabi/lib/armv7-m/crt0.o
 .data          0x00000000        0x0 c:/program files (x86)/cypress/psoc creator/4.2/psoc creator/import/gnu/arm/5.4.1/bin/../lib/gcc/arm-none-eabi/5.4.1/../../../../arm-none-eabi/lib/armv7-m/crt0.o
 .bss           0x00000000        0x0 c:/program files (x86)/cypress/psoc creator/4.2/psoc creator/import/gnu/arm/5.4.1/bin/../lib/gcc/arm-none-eabi/5.4.1/../../../../arm-none-eabi/lib/armv7-m/crt0.o
 .ARM.extab     0x00000000        0x0 c:/program files (x86)/cypress/psoc creator/4.2/psoc creator/import/gnu/arm/5.4.1/bin/../lib/gcc/arm-none-eabi/5.4.1/../../../../arm-none-eabi/lib/armv7-m/crt0.o
 .ARM.exidx     0x00000000        0x8 c:/program files (x86)/cypress/psoc creator/4.2/psoc creator/import/gnu/arm/5.4.1/bin/../lib/gcc/arm-none-eabi/5.4.1/../../../../arm-none-eabi/lib/armv7-m/crt0.o
 .text          0x00000000        0x0 .\CortexM3\ARM_GCC_541\Debug\main.o
 .data          0x00000000        0x0 .\CortexM3\ARM_GCC_541\Debug\main.o
 .bss           0x00000000        0x0 .\CortexM3\ARM_GCC_541\Debug\main.o
 .text          0x00000000        0x0 .\CortexM3\ARM_GCC_541\Debug\cyfitter_cfg.o
 .data          0x00000000        0x0 .\CortexM3\ARM_GCC_541\Debug\cyfitter_cfg.o
 .bss           0x00000000        0x0 .\CortexM3\ARM_GCC_541\Debug\cyfitter_cfg.o
 .text.SetAnalogRoutingPumps
                0x00000000       0x10 .\CortexM3\ARM_GCC_541\Debug\cyfitter_cfg.o
 .text          0x00000000        0x0 .\CortexM3\ARM_GCC_541\Debug\cymetadata.o
 .data          0x00000000        0x0 .\CortexM3\ARM_GCC_541\Debug\cymetadata.o
 .bss           0x00000000        0x0 .\CortexM3\ARM_GCC_541\Debug\cymetadata.o
 .text          0x00000000        0x0 .\CortexM3\ARM_GCC_541\Debug\Cm3Start.o
 .data          0x00000000        0x4 .\CortexM3\ARM_GCC_541\Debug\Cm3Start.o
 .bss           0x00000000        0x0 .\CortexM3\ARM_GCC_541\Debug\Cm3Start.o
 .text._exit    0x00000000        0xc .\CortexM3\ARM_GCC_541\Debug\Cm3Start.o
 .text._sbrk    0x00000000       0x30 .\CortexM3\ARM_GCC_541\Debug\Cm3Start.o
 .text          0x00000000        0x0 .\CortexM3\ARM_GCC_541\Debug\Foco leds.a(Sw1.o)
 .data          0x00000000        0x0 .\CortexM3\ARM_GCC_541\Debug\Foco leds.a(Sw1.o)
 .bss           0x00000000        0x0 .\CortexM3\ARM_GCC_541\Debug\Foco leds.a(Sw1.o)
 .text.Sw1_Write
                0x00000000       0x18 .\CortexM3\ARM_GCC_541\Debug\Foco leds.a(Sw1.o)
 .text.Sw1_SetDriveMode
                0x00000000       0x18 .\CortexM3\ARM_GCC_541\Debug\Foco leds.a(Sw1.o)
 .text.Sw1_Read
                0x00000000       0x10 .\CortexM3\ARM_GCC_541\Debug\Foco leds.a(Sw1.o)
 .text.Sw1_ReadDataReg
                0x00000000       0x10 .\CortexM3\ARM_GCC_541\Debug\Foco leds.a(Sw1.o)
 .text.Sw1_SetInterruptMode
                0x00000000       0x14 .\CortexM3\ARM_GCC_541\Debug\Foco leds.a(Sw1.o)
 .text          0x00000000        0x0 .\CortexM3\ARM_GCC_541\Debug\Foco leds.a(IRQ_Sw.o)
 .data          0x00000000        0x0 .\CortexM3\ARM_GCC_541\Debug\Foco leds.a(IRQ_Sw.o)
 .bss           0x00000000        0x0 .\CortexM3\ARM_GCC_541\Debug\Foco leds.a(IRQ_Sw.o)
 .text.IRQ_Sw_Interrupt
                0x00000000        0x4 .\CortexM3\ARM_GCC_541\Debug\Foco leds.a(IRQ_Sw.o)
 .text.IRQ_Sw_GetVector
                0x00000000        0xc .\CortexM3\ARM_GCC_541\Debug\Foco leds.a(IRQ_Sw.o)
 .text.IRQ_Sw_GetPriority
                0x00000000        0xc .\CortexM3\ARM_GCC_541\Debug\Foco leds.a(IRQ_Sw.o)
 .text.IRQ_Sw_GetState
                0x00000000       0x18 .\CortexM3\ARM_GCC_541\Debug\Foco leds.a(IRQ_Sw.o)
 .text.IRQ_Sw_Start
                0x00000000       0x1c .\CortexM3\ARM_GCC_541\Debug\Foco leds.a(IRQ_Sw.o)
 .text.IRQ_Sw_Stop
                0x00000000       0x14 .\CortexM3\ARM_GCC_541\Debug\Foco leds.a(IRQ_Sw.o)
 .text.IRQ_Sw_SetPending
                0x00000000        0xc .\CortexM3\ARM_GCC_541\Debug\Foco leds.a(IRQ_Sw.o)
 .text.IRQ_Sw_ClearPending
                0x00000000        0xc .\CortexM3\ARM_GCC_541\Debug\Foco leds.a(IRQ_Sw.o)
 .text          0x00000000        0x0 .\CortexM3\ARM_GCC_541\Debug\Foco leds.a(LED1.o)
 .data          0x00000000        0x0 .\CortexM3\ARM_GCC_541\Debug\Foco leds.a(LED1.o)
 .bss           0x00000000        0x0 .\CortexM3\ARM_GCC_541\Debug\Foco leds.a(LED1.o)
 .text.LED1_SetDriveMode
                0x00000000       0x18 .\CortexM3\ARM_GCC_541\Debug\Foco leds.a(LED1.o)
 .text.LED1_Read
                0x00000000       0x10 .\CortexM3\ARM_GCC_541\Debug\Foco leds.a(LED1.o)
 .text.LED1_ReadDataReg
                0x00000000       0x10 .\CortexM3\ARM_GCC_541\Debug\Foco leds.a(LED1.o)
 .text          0x00000000        0x0 .\CortexM3\ARM_GCC_541\Debug\Foco leds.a(LED2.o)
 .data          0x00000000        0x0 .\CortexM3\ARM_GCC_541\Debug\Foco leds.a(LED2.o)
 .bss           0x00000000        0x0 .\CortexM3\ARM_GCC_541\Debug\Foco leds.a(LED2.o)
 .text.LED2_SetDriveMode
                0x00000000       0x18 .\CortexM3\ARM_GCC_541\Debug\Foco leds.a(LED2.o)
 .text.LED2_Read
                0x00000000       0x10 .\CortexM3\ARM_GCC_541\Debug\Foco leds.a(LED2.o)
 .text.LED2_ReadDataReg
                0x00000000       0x10 .\CortexM3\ARM_GCC_541\Debug\Foco leds.a(LED2.o)
 .text          0x00000000        0x0 .\CortexM3\ARM_GCC_541\Debug\Foco leds.a(LED3.o)
 .data          0x00000000        0x0 .\CortexM3\ARM_GCC_541\Debug\Foco leds.a(LED3.o)
 .bss           0x00000000        0x0 .\CortexM3\ARM_GCC_541\Debug\Foco leds.a(LED3.o)
 .text.LED3_SetDriveMode
                0x00000000       0x18 .\CortexM3\ARM_GCC_541\Debug\Foco leds.a(LED3.o)
 .text.LED3_Read
                0x00000000       0x10 .\CortexM3\ARM_GCC_541\Debug\Foco leds.a(LED3.o)
 .text.LED3_ReadDataReg
                0x00000000       0x10 .\CortexM3\ARM_GCC_541\Debug\Foco leds.a(LED3.o)
 .text          0x00000000        0x0 .\CortexM3\ARM_GCC_541\Debug\Foco leds.a(LED4.o)
 .data          0x00000000        0x0 .\CortexM3\ARM_GCC_541\Debug\Foco leds.a(LED4.o)
 .bss           0x00000000        0x0 .\CortexM3\ARM_GCC_541\Debug\Foco leds.a(LED4.o)
 .text.LED4_SetDriveMode
                0x00000000       0x18 .\CortexM3\ARM_GCC_541\Debug\Foco leds.a(LED4.o)
 .text.LED4_Read
                0x00000000       0x10 .\CortexM3\ARM_GCC_541\Debug\Foco leds.a(LED4.o)
 .text.LED4_ReadDataReg
                0x00000000       0x10 .\CortexM3\ARM_GCC_541\Debug\Foco leds.a(LED4.o)
 .text          0x00000000        0x0 .\CortexM3\ARM_GCC_541\Debug\Foco leds.a(LED5.o)
 .data          0x00000000        0x0 .\CortexM3\ARM_GCC_541\Debug\Foco leds.a(LED5.o)
 .bss           0x00000000        0x0 .\CortexM3\ARM_GCC_541\Debug\Foco leds.a(LED5.o)
 .text.LED5_SetDriveMode
                0x00000000       0x18 .\CortexM3\ARM_GCC_541\Debug\Foco leds.a(LED5.o)
 .text.LED5_Read
                0x00000000       0x10 .\CortexM3\ARM_GCC_541\Debug\Foco leds.a(LED5.o)
 .text.LED5_ReadDataReg
                0x00000000       0x10 .\CortexM3\ARM_GCC_541\Debug\Foco leds.a(LED5.o)
 .text          0x00000000        0x0 .\CortexM3\ARM_GCC_541\Debug\Foco leds.a(LED6.o)
 .data          0x00000000        0x0 .\CortexM3\ARM_GCC_541\Debug\Foco leds.a(LED6.o)
 .bss           0x00000000        0x0 .\CortexM3\ARM_GCC_541\Debug\Foco leds.a(LED6.o)
 .text.LED6_SetDriveMode
                0x00000000       0x18 .\CortexM3\ARM_GCC_541\Debug\Foco leds.a(LED6.o)
 .text.LED6_Read
                0x00000000       0x10 .\CortexM3\ARM_GCC_541\Debug\Foco leds.a(LED6.o)
 .text.LED6_ReadDataReg
                0x00000000       0x10 .\CortexM3\ARM_GCC_541\Debug\Foco leds.a(LED6.o)
 .text          0x00000000        0x0 .\CortexM3\ARM_GCC_541\Debug\Foco leds.a(LED7.o)
 .data          0x00000000        0x0 .\CortexM3\ARM_GCC_541\Debug\Foco leds.a(LED7.o)
 .bss           0x00000000        0x0 .\CortexM3\ARM_GCC_541\Debug\Foco leds.a(LED7.o)
 .text.LED7_SetDriveMode
                0x00000000       0x18 .\CortexM3\ARM_GCC_541\Debug\Foco leds.a(LED7.o)
 .text.LED7_Read
                0x00000000        0xc .\CortexM3\ARM_GCC_541\Debug\Foco leds.a(LED7.o)
 .text.LED7_ReadDataReg
                0x00000000        0xc .\CortexM3\ARM_GCC_541\Debug\Foco leds.a(LED7.o)
 .text          0x00000000        0x0 .\CortexM3\ARM_GCC_541\Debug\Foco leds.a(LED8.o)
 .data          0x00000000        0x0 .\CortexM3\ARM_GCC_541\Debug\Foco leds.a(LED8.o)
 .bss           0x00000000        0x0 .\CortexM3\ARM_GCC_541\Debug\Foco leds.a(LED8.o)
 .text.LED8_SetDriveMode
                0x00000000       0x18 .\CortexM3\ARM_GCC_541\Debug\Foco leds.a(LED8.o)
 .text.LED8_Read
                0x00000000       0x10 .\CortexM3\ARM_GCC_541\Debug\Foco leds.a(LED8.o)
 .text.LED8_ReadDataReg
                0x00000000       0x10 .\CortexM3\ARM_GCC_541\Debug\Foco leds.a(LED8.o)
 .text          0x00000000        0x0 .\CortexM3\ARM_GCC_541\Debug\Foco leds.a(LED9.o)
 .data          0x00000000        0x0 .\CortexM3\ARM_GCC_541\Debug\Foco leds.a(LED9.o)
 .bss           0x00000000        0x0 .\CortexM3\ARM_GCC_541\Debug\Foco leds.a(LED9.o)
 .text.LED9_SetDriveMode
                0x00000000       0x18 .\CortexM3\ARM_GCC_541\Debug\Foco leds.a(LED9.o)
 .text.LED9_Read
                0x00000000       0x10 .\CortexM3\ARM_GCC_541\Debug\Foco leds.a(LED9.o)
 .text.LED9_ReadDataReg
                0x00000000       0x10 .\CortexM3\ARM_GCC_541\Debug\Foco leds.a(LED9.o)
 .text          0x00000000        0x0 .\CortexM3\ARM_GCC_541\Debug\Foco leds.a(LED10.o)
 .data          0x00000000        0x0 .\CortexM3\ARM_GCC_541\Debug\Foco leds.a(LED10.o)
 .bss           0x00000000        0x0 .\CortexM3\ARM_GCC_541\Debug\Foco leds.a(LED10.o)
 .text.LED10_SetDriveMode
                0x00000000       0x18 .\CortexM3\ARM_GCC_541\Debug\Foco leds.a(LED10.o)
 .text.LED10_Read
                0x00000000       0x10 .\CortexM3\ARM_GCC_541\Debug\Foco leds.a(LED10.o)
 .text.LED10_ReadDataReg
                0x00000000       0x10 .\CortexM3\ARM_GCC_541\Debug\Foco leds.a(LED10.o)
 .text          0x00000000        0x0 .\CortexM3\ARM_GCC_541\Debug\Foco leds.a(LCD_BarGraph.o)
 .data          0x00000000        0x0 .\CortexM3\ARM_GCC_541\Debug\Foco leds.a(LCD_BarGraph.o)
 .bss           0x00000000        0x0 .\CortexM3\ARM_GCC_541\Debug\Foco leds.a(LCD_BarGraph.o)
 .text          0x00000000        0x0 .\CortexM3\ARM_GCC_541\Debug\Foco leds.a(LCD.o)
 .data          0x00000000        0x0 .\CortexM3\ARM_GCC_541\Debug\Foco leds.a(LCD.o)
 .text.LCD_PutChar
                0x00000000        0x8 .\CortexM3\ARM_GCC_541\Debug\Foco leds.a(LCD.o)
 .text.LCD_Stop
                0x00000000       0x14 .\CortexM3\ARM_GCC_541\Debug\Foco leds.a(LCD.o)
 .text.LCD_PrintInt8
                0x00000000       0x20 .\CortexM3\ARM_GCC_541\Debug\Foco leds.a(LCD.o)
 .text.LCD_PrintInt16
                0x00000000       0x14 .\CortexM3\ARM_GCC_541\Debug\Foco leds.a(LCD.o)
 .text.LCD_PrintInt32
                0x00000000       0x1c .\CortexM3\ARM_GCC_541\Debug\Foco leds.a(LCD.o)
 .text.LCD_PrintU32Number
                0x00000000       0x64 .\CortexM3\ARM_GCC_541\Debug\Foco leds.a(LCD.o)
 .rodata        0x00000000       0x10 .\CortexM3\ARM_GCC_541\Debug\Foco leds.a(LCD.o)
 .text          0x00000000        0x0 .\CortexM3\ARM_GCC_541\Debug\Foco leds.a(FOCO.o)
 .data          0x00000000        0x0 .\CortexM3\ARM_GCC_541\Debug\Foco leds.a(FOCO.o)
 .bss           0x00000000        0x0 .\CortexM3\ARM_GCC_541\Debug\Foco leds.a(FOCO.o)
 .text.FOCO_SetDriveMode
                0x00000000       0x18 .\CortexM3\ARM_GCC_541\Debug\Foco leds.a(FOCO.o)
 .text.FOCO_ReadDataReg
                0x00000000       0x10 .\CortexM3\ARM_GCC_541\Debug\Foco leds.a(FOCO.o)
 .text          0x00000000        0x0 .\CortexM3\ARM_GCC_541\Debug\Foco leds.a(CyLib.o)
 .bss           0x00000000       0x1c .\CortexM3\ARM_GCC_541\Debug\Foco leds.a(CyLib.o)
 .text.CyUSB_PowerOnCheck
                0x00000000       0x48 .\CortexM3\ARM_GCC_541\Debug\Foco leds.a(CyLib.o)
 .text.CyBusClk_Internal_SetDivider
                0x00000000       0x48 .\CortexM3\ARM_GCC_541\Debug\Foco leds.a(CyLib.o)
 .text.CyPLL_OUT_Stop
                0x00000000       0x10 .\CortexM3\ARM_GCC_541\Debug\Foco leds.a(CyLib.o)
 .text.CyIMO_Stop
                0x00000000       0x1c .\CortexM3\ARM_GCC_541\Debug\Foco leds.a(CyLib.o)
 .text.CyIMO_EnableDoubler
                0x00000000       0x10 .\CortexM3\ARM_GCC_541\Debug\Foco leds.a(CyLib.o)
 .text.CyIMO_DisableDoubler
                0x00000000       0x10 .\CortexM3\ARM_GCC_541\Debug\Foco leds.a(CyLib.o)
 .text.CyMasterClk_SetSource
                0x00000000       0x18 .\CortexM3\ARM_GCC_541\Debug\Foco leds.a(CyLib.o)
 .text.CyMasterClk_SetDivider
                0x00000000        0xc .\CortexM3\ARM_GCC_541\Debug\Foco leds.a(CyLib.o)
 .text.CyBusClk_SetDivider
                0x00000000       0x70 .\CortexM3\ARM_GCC_541\Debug\Foco leds.a(CyLib.o)
 .text.CyUsbClk_SetSource
                0x00000000       0x18 .\CortexM3\ARM_GCC_541\Debug\Foco leds.a(CyLib.o)
 .text.CyILO_Start1K
                0x00000000       0x10 .\CortexM3\ARM_GCC_541\Debug\Foco leds.a(CyLib.o)
 .text.CyILO_Stop1K
                0x00000000       0x10 .\CortexM3\ARM_GCC_541\Debug\Foco leds.a(CyLib.o)
 .text.CyILO_Start100K
                0x00000000       0x10 .\CortexM3\ARM_GCC_541\Debug\Foco leds.a(CyLib.o)
 .text.CyILO_Stop100K
                0x00000000       0x10 .\CortexM3\ARM_GCC_541\Debug\Foco leds.a(CyLib.o)
 .text.CyPLL_OUT_Start
                0x00000000       0x78 .\CortexM3\ARM_GCC_541\Debug\Foco leds.a(CyLib.o)
 .text.CyIMO_Start
                0x00000000       0x60 .\CortexM3\ARM_GCC_541\Debug\Foco leds.a(CyLib.o)
 .text.CyILO_Enable33K
                0x00000000       0x10 .\CortexM3\ARM_GCC_541\Debug\Foco leds.a(CyLib.o)
 .text.CyILO_Disable33K
                0x00000000       0x10 .\CortexM3\ARM_GCC_541\Debug\Foco leds.a(CyLib.o)
 .text.CyILO_SetSource
                0x00000000       0x18 .\CortexM3\ARM_GCC_541\Debug\Foco leds.a(CyLib.o)
 .text.CyILO_SetPowerMode
                0x00000000       0x24 .\CortexM3\ARM_GCC_541\Debug\Foco leds.a(CyLib.o)
 .text.CyXTAL_32KHZ_Stop
                0x00000000       0x30 .\CortexM3\ARM_GCC_541\Debug\Foco leds.a(CyLib.o)
 .text.CyXTAL_32KHZ_ReadStatus
                0x00000000       0x10 .\CortexM3\ARM_GCC_541\Debug\Foco leds.a(CyLib.o)
 .text.CyXTAL_Start
                0x00000000       0xac .\CortexM3\ARM_GCC_541\Debug\Foco leds.a(CyLib.o)
 .text.CyXTAL_Stop
                0x00000000       0x10 .\CortexM3\ARM_GCC_541\Debug\Foco leds.a(CyLib.o)
 .text.CyXTAL_EnableErrStatus
                0x00000000       0x10 .\CortexM3\ARM_GCC_541\Debug\Foco leds.a(CyLib.o)
 .text.CyXTAL_DisableErrStatus
                0x00000000       0x10 .\CortexM3\ARM_GCC_541\Debug\Foco leds.a(CyLib.o)
 .text.CyXTAL_ReadStatus
                0x00000000       0x18 .\CortexM3\ARM_GCC_541\Debug\Foco leds.a(CyLib.o)
 .text.CyXTAL_EnableFaultRecovery
                0x00000000       0x10 .\CortexM3\ARM_GCC_541\Debug\Foco leds.a(CyLib.o)
 .text.CyXTAL_DisableFaultRecovery
                0x00000000       0x10 .\CortexM3\ARM_GCC_541\Debug\Foco leds.a(CyLib.o)
 .text.CyXTAL_SetStartup
                0x00000000       0x18 .\CortexM3\ARM_GCC_541\Debug\Foco leds.a(CyLib.o)
 .text.CyXTAL_SetFbVoltage
                0x00000000       0x18 .\CortexM3\ARM_GCC_541\Debug\Foco leds.a(CyLib.o)
 .text.CyXTAL_SetWdVoltage
                0x00000000       0x18 .\CortexM3\ARM_GCC_541\Debug\Foco leds.a(CyLib.o)
 .text.CyHalt   0x00000000        0x4 .\CortexM3\ARM_GCC_541\Debug\Foco leds.a(CyLib.o)
 .text.CyPLL_OUT_SetPQ
                0x00000000       0x60 .\CortexM3\ARM_GCC_541\Debug\Foco leds.a(CyLib.o)
 .text.CyPLL_OUT_SetSource
                0x00000000       0x34 .\CortexM3\ARM_GCC_541\Debug\Foco leds.a(CyLib.o)
 .text.CyIMO_SetTrimValue
                0x00000000       0xcc .\CortexM3\ARM_GCC_541\Debug\Foco leds.a(CyLib.o)
 .text.CyIMO_SetFreq
                0x00000000       0xf4 .\CortexM3\ARM_GCC_541\Debug\Foco leds.a(CyLib.o)
 .text.CyIMO_SetSource
                0x00000000       0x58 .\CortexM3\ARM_GCC_541\Debug\Foco leds.a(CyLib.o)
 .text.CySoftwareReset
                0x00000000       0x10 .\CortexM3\ARM_GCC_541\Debug\Foco leds.a(CyLib.o)
 .text.CyXTAL_32KHZ_SetPowerMode
                0x00000000       0x84 .\CortexM3\ARM_GCC_541\Debug\Foco leds.a(CyLib.o)
 .text.CyXTAL_32KHZ_Start
                0x00000000       0x74 .\CortexM3\ARM_GCC_541\Debug\Foco leds.a(CyLib.o)
 .text.CyDelayFreq
                0x00000000       0x4c .\CortexM3\ARM_GCC_541\Debug\Foco leds.a(CyLib.o)
 .text.CyWdtStart
                0x00000000       0x40 .\CortexM3\ARM_GCC_541\Debug\Foco leds.a(CyLib.o)
 .text.CyWdtClear
                0x00000000        0xc .\CortexM3\ARM_GCC_541\Debug\Foco leds.a(CyLib.o)
 .text.CyVdStickyStatus
                0x00000000       0x2c .\CortexM3\ARM_GCC_541\Debug\Foco leds.a(CyLib.o)
 .text.CyVdLvDigitEnable
                0x00000000       0x84 .\CortexM3\ARM_GCC_541\Debug\Foco leds.a(CyLib.o)
 .text.CyVdLvAnalogEnable
                0x00000000       0x80 .\CortexM3\ARM_GCC_541\Debug\Foco leds.a(CyLib.o)
 .text.CyVdLvDigitDisable
                0x00000000       0x30 .\CortexM3\ARM_GCC_541\Debug\Foco leds.a(CyLib.o)
 .text.CyVdLvAnalogDisable
                0x00000000       0x28 .\CortexM3\ARM_GCC_541\Debug\Foco leds.a(CyLib.o)
 .text.CyVdHvAnalogEnable
                0x00000000       0x54 .\CortexM3\ARM_GCC_541\Debug\Foco leds.a(CyLib.o)
 .text.CyVdHvAnalogDisable
                0x00000000       0x20 .\CortexM3\ARM_GCC_541\Debug\Foco leds.a(CyLib.o)
 .text.CyVdRealTimeStatus
                0x00000000       0x1c .\CortexM3\ARM_GCC_541\Debug\Foco leds.a(CyLib.o)
 .text.CyDisableInts
                0x00000000       0x1c .\CortexM3\ARM_GCC_541\Debug\Foco leds.a(CyLib.o)
 .text.CyEnableInts
                0x00000000       0x18 .\CortexM3\ARM_GCC_541\Debug\Foco leds.a(CyLib.o)
 .text.CyFlushCache
                0x00000000       0x44 .\CortexM3\ARM_GCC_541\Debug\Foco leds.a(CyLib.o)
 .text.CyIntSetSysVector
                0x00000000       0x28 .\CortexM3\ARM_GCC_541\Debug\Foco leds.a(CyLib.o)
 .text.CyIntGetSysVector
                0x00000000       0x20 .\CortexM3\ARM_GCC_541\Debug\Foco leds.a(CyLib.o)
 .text.CyIntSetVector
                0x00000000       0x28 .\CortexM3\ARM_GCC_541\Debug\Foco leds.a(CyLib.o)
 .text.CyIntGetVector
                0x00000000       0x24 .\CortexM3\ARM_GCC_541\Debug\Foco leds.a(CyLib.o)
 .text.CyIntSetPriority
                0x00000000       0x30 .\CortexM3\ARM_GCC_541\Debug\Foco leds.a(CyLib.o)
 .text.CyIntGetPriority
                0x00000000       0x20 .\CortexM3\ARM_GCC_541\Debug\Foco leds.a(CyLib.o)
 .text.CyIntGetState
                0x00000000       0x24 .\CortexM3\ARM_GCC_541\Debug\Foco leds.a(CyLib.o)
 .text.CySysTickStop
                0x00000000       0x10 .\CortexM3\ARM_GCC_541\Debug\Foco leds.a(CyLib.o)
 .text.CySysTickEnableInterrupt
                0x00000000       0x10 .\CortexM3\ARM_GCC_541\Debug\Foco leds.a(CyLib.o)
 .text.CySysTickEnable
                0x00000000       0x18 .\CortexM3\ARM_GCC_541\Debug\Foco leds.a(CyLib.o)
 .text.CySysTickDisableInterrupt
                0x00000000       0x10 .\CortexM3\ARM_GCC_541\Debug\Foco leds.a(CyLib.o)
 .text.CySysTickSetReload
                0x00000000       0x10 .\CortexM3\ARM_GCC_541\Debug\Foco leds.a(CyLib.o)
 .text.CySysTickGetReload
                0x00000000       0x10 .\CortexM3\ARM_GCC_541\Debug\Foco leds.a(CyLib.o)
 .text.CySysTickGetValue
                0x00000000       0x10 .\CortexM3\ARM_GCC_541\Debug\Foco leds.a(CyLib.o)
 .text.CySysTickSetClockSource
                0x00000000       0x20 .\CortexM3\ARM_GCC_541\Debug\Foco leds.a(CyLib.o)
 .text.CySysTickGetClockSource
                0x00000000       0x10 .\CortexM3\ARM_GCC_541\Debug\Foco leds.a(CyLib.o)
 .text.CySysTickGetCountFlag
                0x00000000       0x10 .\CortexM3\ARM_GCC_541\Debug\Foco leds.a(CyLib.o)
 .text.CySysTickServiceCallbacks
                0x00000000       0x28 .\CortexM3\ARM_GCC_541\Debug\Foco leds.a(CyLib.o)
 .text.CySysTickClear
                0x00000000        0xc .\CortexM3\ARM_GCC_541\Debug\Foco leds.a(CyLib.o)
 .text.CySysTickInit
                0x00000000       0x58 .\CortexM3\ARM_GCC_541\Debug\Foco leds.a(CyLib.o)
 .text.CySysTickStart
                0x00000000       0x1c .\CortexM3\ARM_GCC_541\Debug\Foco leds.a(CyLib.o)
 .text.CySysTickSetCallback
                0x00000000       0x10 .\CortexM3\ARM_GCC_541\Debug\Foco leds.a(CyLib.o)
 .text.CySysTickGetCallback
                0x00000000       0x10 .\CortexM3\ARM_GCC_541\Debug\Foco leds.a(CyLib.o)
 .text.CyGetUniqueId
                0x00000000       0x70 .\CortexM3\ARM_GCC_541\Debug\Foco leds.a(CyLib.o)
 .text          0x00000000        0x0 .\CortexM3\ARM_GCC_541\Debug\Foco leds.a(cyPm.o)
 .data          0x00000000        0x0 .\CortexM3\ARM_GCC_541\Debug\Foco leds.a(cyPm.o)
 .bss           0x00000000       0x43 .\CortexM3\ARM_GCC_541\Debug\Foco leds.a(cyPm.o)
 .text.CyPmHibSlpSaveSet
                0x00000000      0x1dc .\CortexM3\ARM_GCC_541\Debug\Foco leds.a(cyPm.o)
 .text.CyPmHibSlpRestore
                0x00000000       0xd8 .\CortexM3\ARM_GCC_541\Debug\Foco leds.a(cyPm.o)
 .text.CyPmHviLviSaveDisable
                0x00000000       0xa0 .\CortexM3\ARM_GCC_541\Debug\Foco leds.a(cyPm.o)
 .text.CyPmHibSaveSet
                0x00000000       0x98 .\CortexM3\ARM_GCC_541\Debug\Foco leds.a(cyPm.o)
 .text.CyPmHviLviRestore
                0x00000000       0x48 .\CortexM3\ARM_GCC_541\Debug\Foco leds.a(cyPm.o)
 .text.CyPmHibRestore
                0x00000000       0x60 .\CortexM3\ARM_GCC_541\Debug\Foco leds.a(cyPm.o)
 .text.CyPmSaveClocks
                0x00000000      0x218 .\CortexM3\ARM_GCC_541\Debug\Foco leds.a(cyPm.o)
 .text.CyPmRestoreClocks
                0x00000000      0x24c .\CortexM3\ARM_GCC_541\Debug\Foco leds.a(cyPm.o)
 .text.CyPmAltAct
                0x00000000       0x6c .\CortexM3\ARM_GCC_541\Debug\Foco leds.a(cyPm.o)
 .text.CyPmSleep
                0x00000000       0xf4 .\CortexM3\ARM_GCC_541\Debug\Foco leds.a(cyPm.o)
 .text.CyPmHibernateEx
                0x00000000       0xf4 .\CortexM3\ARM_GCC_541\Debug\Foco leds.a(cyPm.o)
 .text.CyPmHibernate
                0x00000000        0xc .\CortexM3\ARM_GCC_541\Debug\Foco leds.a(cyPm.o)
 .text.CyPmReadStatus
                0x00000000       0x30 .\CortexM3\ARM_GCC_541\Debug\Foco leds.a(cyPm.o)
 .text.CyPmCtwSetInterval
                0x00000000       0x5c .\CortexM3\ARM_GCC_541\Debug\Foco leds.a(cyPm.o)
 .text.CyPmOppsSet
                0x00000000       0x2c .\CortexM3\ARM_GCC_541\Debug\Foco leds.a(cyPm.o)
 .text.CyPmFtwSetInterval
                0x00000000       0x5c .\CortexM3\ARM_GCC_541\Debug\Foco leds.a(cyPm.o)
 .rodata        0x00000000        0xf .\CortexM3\ARM_GCC_541\Debug\Foco leds.a(cyPm.o)
 .data          0x00000000        0x0 .\CortexM3\ARM_GCC_541\Debug\Foco leds.a(CyBootAsmGnu.o)
 .bss           0x00000000        0x0 .\CortexM3\ARM_GCC_541\Debug\Foco leds.a(CyBootAsmGnu.o)
 .text          0x00000000        0x0 .\CortexM3\ARM_GCC_541\Debug\Foco leds.a(CyFlash.o)
 .data          0x00000000        0x0 .\CortexM3\ARM_GCC_541\Debug\Foco leds.a(CyFlash.o)
 .bss           0x00000000        0x0 .\CortexM3\ARM_GCC_541\Debug\Foco leds.a(CyFlash.o)
 .text.CySetTempInt
                0x00000000       0x60 .\CortexM3\ARM_GCC_541\Debug\Foco leds.a(CyFlash.o)
 .text.CyFlash_Start
                0x00000000       0x54 .\CortexM3\ARM_GCC_541\Debug\Foco leds.a(CyFlash.o)
 .text.CyFlash_Stop
                0x00000000       0x24 .\CortexM3\ARM_GCC_541\Debug\Foco leds.a(CyFlash.o)
 .text.CyFlash_EraseRow
                0x00000000       0x78 .\CortexM3\ARM_GCC_541\Debug\Foco leds.a(CyFlash.o)
 .text.CyFlashGetSpcAlgorithm
                0x00000000       0x4c .\CortexM3\ARM_GCC_541\Debug\Foco leds.a(CyFlash.o)
 .text.CySetTemp
                0x00000000       0x14 .\CortexM3\ARM_GCC_541\Debug\Foco leds.a(CyFlash.o)
 .text.CySetFlashEEBuffer
                0x00000000       0x20 .\CortexM3\ARM_GCC_541\Debug\Foco leds.a(CyFlash.o)
 .text.CyWriteRowFull
                0x00000000       0xf8 .\CortexM3\ARM_GCC_541\Debug\Foco leds.a(CyFlash.o)
 .text.CyWriteRowData
                0x00000000       0x14 .\CortexM3\ARM_GCC_541\Debug\Foco leds.a(CyFlash.o)
 .text.CyFlash_SetWaitCycles
                0x00000000       0x7c .\CortexM3\ARM_GCC_541\Debug\Foco leds.a(CyFlash.o)
 .text.CyEEPROM_Start
                0x00000000       0x54 .\CortexM3\ARM_GCC_541\Debug\Foco leds.a(CyFlash.o)
 .text.CyEEPROM_Stop
                0x00000000       0x24 .\CortexM3\ARM_GCC_541\Debug\Foco leds.a(CyFlash.o)
 .text.CyEEPROM_ReadReserve
                0x00000000       0x1c .\CortexM3\ARM_GCC_541\Debug\Foco leds.a(CyFlash.o)
 .text.CyEEPROM_ReadRelease
                0x00000000       0x10 .\CortexM3\ARM_GCC_541\Debug\Foco leds.a(CyFlash.o)
 COMMON         0x00000000        0x2 .\CortexM3\ARM_GCC_541\Debug\Foco leds.a(CyFlash.o)
 .text          0x00000000        0x0 .\CortexM3\ARM_GCC_541\Debug\Foco leds.a(CySpc.o)
 .data          0x00000000        0x0 .\CortexM3\ARM_GCC_541\Debug\Foco leds.a(CySpc.o)
 .bss           0x00000000        0x8 .\CortexM3\ARM_GCC_541\Debug\Foco leds.a(CySpc.o)
 .text.CySpcStart
                0x00000000       0x24 .\CortexM3\ARM_GCC_541\Debug\Foco leds.a(CySpc.o)
 .text.CySpcStop
                0x00000000       0x24 .\CortexM3\ARM_GCC_541\Debug\Foco leds.a(CySpc.o)
 .text.CySpcReadData
                0x00000000       0x34 .\CortexM3\ARM_GCC_541\Debug\Foco leds.a(CySpc.o)
 .text.CySpcLoadMultiByte
                0x00000000       0x78 .\CortexM3\ARM_GCC_541\Debug\Foco leds.a(CySpc.o)
 .text.CySpcLoadRow
                0x00000000       0x50 .\CortexM3\ARM_GCC_541\Debug\Foco leds.a(CySpc.o)
 .text.CySpcLoadRowFull
                0x00000000       0x80 .\CortexM3\ARM_GCC_541\Debug\Foco leds.a(CySpc.o)
 .text.CySpcWriteRow
                0x00000000       0x4c .\CortexM3\ARM_GCC_541\Debug\Foco leds.a(CySpc.o)
 .text.CySpcEraseSector
                0x00000000       0x3c .\CortexM3\ARM_GCC_541\Debug\Foco leds.a(CySpc.o)
 .text.CySpcEraseRow
                0x00000000       0x4c .\CortexM3\ARM_GCC_541\Debug\Foco leds.a(CySpc.o)
 .text.CySpcGetTemp
                0x00000000       0x3c .\CortexM3\ARM_GCC_541\Debug\Foco leds.a(CySpc.o)
 .text.CySpcLock
                0x00000000       0x4c .\CortexM3\ARM_GCC_541\Debug\Foco leds.a(CySpc.o)
 .text.CySpcUnlock
                0x00000000       0x38 .\CortexM3\ARM_GCC_541\Debug\Foco leds.a(CySpc.o)
 .text.CySpcGetAlgorithm
                0x00000000       0x28 .\CortexM3\ARM_GCC_541\Debug\Foco leds.a(CySpc.o)
 .text          0x00000000        0x0 c:/program files (x86)/cypress/psoc creator/4.2/psoc creator/import/gnu/arm/5.4.1/bin/../lib/gcc/arm-none-eabi/5.4.1/../../../../arm-none-eabi/lib/armv7-m\libg_nano.a(lib_a-errno.o)
 .data          0x00000000        0x0 c:/program files (x86)/cypress/psoc creator/4.2/psoc creator/import/gnu/arm/5.4.1/bin/../lib/gcc/arm-none-eabi/5.4.1/../../../../arm-none-eabi/lib/armv7-m\libg_nano.a(lib_a-errno.o)
 .bss           0x00000000        0x0 c:/program files (x86)/cypress/psoc creator/4.2/psoc creator/import/gnu/arm/5.4.1/bin/../lib/gcc/arm-none-eabi/5.4.1/../../../../arm-none-eabi/lib/armv7-m\libg_nano.a(lib_a-errno.o)
 .text          0x00000000        0x0 c:/program files (x86)/cypress/psoc creator/4.2/psoc creator/import/gnu/arm/5.4.1/bin/../lib/gcc/arm-none-eabi/5.4.1/../../../../arm-none-eabi/lib/armv7-m\libg_nano.a(lib_a-exit.o)
 .data          0x00000000        0x0 c:/program files (x86)/cypress/psoc creator/4.2/psoc creator/import/gnu/arm/5.4.1/bin/../lib/gcc/arm-none-eabi/5.4.1/../../../../arm-none-eabi/lib/armv7-m\libg_nano.a(lib_a-exit.o)
 .bss           0x00000000        0x0 c:/program files (x86)/cypress/psoc creator/4.2/psoc creator/import/gnu/arm/5.4.1/bin/../lib/gcc/arm-none-eabi/5.4.1/../../../../arm-none-eabi/lib/armv7-m\libg_nano.a(lib_a-exit.o)
 .text.exit     0x00000000       0x28 c:/program files (x86)/cypress/psoc creator/4.2/psoc creator/import/gnu/arm/5.4.1/bin/../lib/gcc/arm-none-eabi/5.4.1/../../../../arm-none-eabi/lib/armv7-m\libg_nano.a(lib_a-exit.o)
 .text          0x00000000        0x0 c:/program files (x86)/cypress/psoc creator/4.2/psoc creator/import/gnu/arm/5.4.1/bin/../lib/gcc/arm-none-eabi/5.4.1/../../../../arm-none-eabi/lib/armv7-m\libg_nano.a(lib_a-impure.o)
 .data          0x00000000        0x0 c:/program files (x86)/cypress/psoc creator/4.2/psoc creator/import/gnu/arm/5.4.1/bin/../lib/gcc/arm-none-eabi/5.4.1/../../../../arm-none-eabi/lib/armv7-m\libg_nano.a(lib_a-impure.o)
 .bss           0x00000000        0x0 c:/program files (x86)/cypress/psoc creator/4.2/psoc creator/import/gnu/arm/5.4.1/bin/../lib/gcc/arm-none-eabi/5.4.1/../../../../arm-none-eabi/lib/armv7-m\libg_nano.a(lib_a-impure.o)
 .rodata._global_impure_ptr
                0x00000000        0x4 c:/program files (x86)/cypress/psoc creator/4.2/psoc creator/import/gnu/arm/5.4.1/bin/../lib/gcc/arm-none-eabi/5.4.1/../../../../arm-none-eabi/lib/armv7-m\libg_nano.a(lib_a-impure.o)
 .text          0x00000000        0x0 c:/program files (x86)/cypress/psoc creator/4.2/psoc creator/import/gnu/arm/5.4.1/bin/../lib/gcc/arm-none-eabi/5.4.1/../../../../arm-none-eabi/lib/armv7-m\libg_nano.a(lib_a-init.o)
 .data          0x00000000        0x0 c:/program files (x86)/cypress/psoc creator/4.2/psoc creator/import/gnu/arm/5.4.1/bin/../lib/gcc/arm-none-eabi/5.4.1/../../../../arm-none-eabi/lib/armv7-m\libg_nano.a(lib_a-init.o)
 .bss           0x00000000        0x0 c:/program files (x86)/cypress/psoc creator/4.2/psoc creator/import/gnu/arm/5.4.1/bin/../lib/gcc/arm-none-eabi/5.4.1/../../../../arm-none-eabi/lib/armv7-m\libg_nano.a(lib_a-init.o)
 .text          0x00000000        0x0 c:/program files (x86)/cypress/psoc creator/4.2/psoc creator/import/gnu/arm/5.4.1/bin/../lib/gcc/arm-none-eabi/5.4.1/../../../../arm-none-eabi/lib/armv7-m\libg_nano.a(lib_a-memcpy-stub.o)
 .data          0x00000000        0x0 c:/program files (x86)/cypress/psoc creator/4.2/psoc creator/import/gnu/arm/5.4.1/bin/../lib/gcc/arm-none-eabi/5.4.1/../../../../arm-none-eabi/lib/armv7-m\libg_nano.a(lib_a-memcpy-stub.o)
 .bss           0x00000000        0x0 c:/program files (x86)/cypress/psoc creator/4.2/psoc creator/import/gnu/arm/5.4.1/bin/../lib/gcc/arm-none-eabi/5.4.1/../../../../arm-none-eabi/lib/armv7-m\libg_nano.a(lib_a-memcpy-stub.o)
 .text          0x00000000        0x0 c:/program files (x86)/cypress/psoc creator/4.2/psoc creator/import/gnu/arm/5.4.1/bin/../lib/gcc/arm-none-eabi/5.4.1/../../../../arm-none-eabi/lib/armv7-m\libg_nano.a(lib_a-memset.o)
 .data          0x00000000        0x0 c:/program files (x86)/cypress/psoc creator/4.2/psoc creator/import/gnu/arm/5.4.1/bin/../lib/gcc/arm-none-eabi/5.4.1/../../../../arm-none-eabi/lib/armv7-m\libg_nano.a(lib_a-memset.o)
 .bss           0x00000000        0x0 c:/program files (x86)/cypress/psoc creator/4.2/psoc creator/import/gnu/arm/5.4.1/bin/../lib/gcc/arm-none-eabi/5.4.1/../../../../arm-none-eabi/lib/armv7-m\libg_nano.a(lib_a-memset.o)
 .text          0x00000000        0x0 c:/program files (x86)/cypress/psoc creator/4.2/psoc creator/import/gnu/arm/5.4.1/bin/../lib/gcc/arm-none-eabi/5.4.1/armv7-m/crtend.o
 .data          0x00000000        0x0 c:/program files (x86)/cypress/psoc creator/4.2/psoc creator/import/gnu/arm/5.4.1/bin/../lib/gcc/arm-none-eabi/5.4.1/armv7-m/crtend.o
 .bss           0x00000000        0x0 c:/program files (x86)/cypress/psoc creator/4.2/psoc creator/import/gnu/arm/5.4.1/bin/../lib/gcc/arm-none-eabi/5.4.1/armv7-m/crtend.o
 .text          0x00000000        0x0 c:/program files (x86)/cypress/psoc creator/4.2/psoc creator/import/gnu/arm/5.4.1/bin/../lib/gcc/arm-none-eabi/5.4.1/armv7-m/crtn.o
 .data          0x00000000        0x0 c:/program files (x86)/cypress/psoc creator/4.2/psoc creator/import/gnu/arm/5.4.1/bin/../lib/gcc/arm-none-eabi/5.4.1/armv7-m/crtn.o
 .bss           0x00000000        0x0 c:/program files (x86)/cypress/psoc creator/4.2/psoc creator/import/gnu/arm/5.4.1/bin/../lib/gcc/arm-none-eabi/5.4.1/armv7-m/crtn.o

Memory Configuration

Name             Origin             Length             Attributes
rom              0x00000000         0x00040000         xr
ram              0x1fff8000         0x00010000         xrw
*default*        0x00000000         0xffffffff

Linker script and memory map

LOAD c:/program files (x86)/cypress/psoc creator/4.2/psoc creator/import/gnu/arm/5.4.1/bin/../lib/gcc/arm-none-eabi/5.4.1/armv7-m/crti.o
LOAD c:/program files (x86)/cypress/psoc creator/4.2/psoc creator/import/gnu/arm/5.4.1/bin/../lib/gcc/arm-none-eabi/5.4.1/armv7-m/crtbegin.o
LOAD c:/program files (x86)/cypress/psoc creator/4.2/psoc creator/import/gnu/arm/5.4.1/bin/../lib/gcc/arm-none-eabi/5.4.1/../../../../arm-none-eabi/lib/armv7-m/crt0.o
START GROUP
LOAD .\CortexM3\ARM_GCC_541\Debug\main.o
LOAD .\CortexM3\ARM_GCC_541\Debug\cyfitter_cfg.o
LOAD .\CortexM3\ARM_GCC_541\Debug\cymetadata.o
LOAD .\CortexM3\ARM_GCC_541\Debug\Cm3Start.o
LOAD .\CortexM3\ARM_GCC_541\Debug\Foco leds.a
LOAD C:\Program Files (x86)\Cypress\PSoC Creator\4.2\PSoC Creator\psoc\content\cycomponentlibrary\CyComponentLibrary.cylib\CortexM3\ARM_GCC_541\Debug\CyComponentLibrary.a
END GROUP
START GROUP
LOAD c:/program files (x86)/cypress/psoc creator/4.2/psoc creator/import/gnu/arm/5.4.1/bin/../lib/gcc/arm-none-eabi/5.4.1/armv7-m\libgcc.a
LOAD c:/program files (x86)/cypress/psoc creator/4.2/psoc creator/import/gnu/arm/5.4.1/bin/../lib/gcc/arm-none-eabi/5.4.1/../../../../arm-none-eabi/lib/armv7-m\libg_nano.a
LOAD c:/program files (x86)/cypress/psoc creator/4.2/psoc creator/import/gnu/arm/5.4.1/bin/../lib/gcc/arm-none-eabi/5.4.1/../../../../arm-none-eabi/lib/armv7-m\libc_nano.a
END GROUP
START GROUP
LOAD c:/program files (x86)/cypress/psoc creator/4.2/psoc creator/import/gnu/arm/5.4.1/bin/../lib/gcc/arm-none-eabi/5.4.1/armv7-m\libgcc.a
LOAD c:/program files (x86)/cypress/psoc creator/4.2/psoc creator/import/gnu/arm/5.4.1/bin/../lib/gcc/arm-none-eabi/5.4.1/../../../../arm-none-eabi/lib/armv7-m\libc_nano.a
END GROUP
LOAD c:/program files (x86)/cypress/psoc creator/4.2/psoc creator/import/gnu/arm/5.4.1/bin/../lib/gcc/arm-none-eabi/5.4.1/armv7-m/crtend.o
LOAD c:/program files (x86)/cypress/psoc creator/4.2/psoc creator/import/gnu/arm/5.4.1/bin/../lib/gcc/arm-none-eabi/5.4.1/armv7-m/crtn.o
START GROUP
LOAD c:/program files (x86)/cypress/psoc creator/4.2/psoc creator/import/gnu/arm/5.4.1/bin/../lib/gcc/arm-none-eabi/5.4.1/armv7-m\libgcc.a
LOAD c:/program files (x86)/cypress/psoc creator/4.2/psoc creator/import/gnu/arm/5.4.1/bin/../lib/gcc/arm-none-eabi/5.4.1/../../../../arm-none-eabi/lib/armv7-m\libc.a
LOAD c:/program files (x86)/cypress/psoc creator/4.2/psoc creator/import/gnu/arm/5.4.1/bin/../lib/gcc/arm-none-eabi/5.4.1/../../../../arm-none-eabi/lib/armv7-m\libnosys.a
END GROUP
                0x00000000                CY_APPL_ORIGIN = 0x0
                0x00000100                CY_FLASH_ROW_SIZE = 0x100
                0x00000020                CY_ECC_ROW_SIZE = 0x20
                0x00000000                CY_EE_IN_BTLDR = 0x0
                0x00000000                CY_APPL_LOADABLE = 0x0
                0x00000800                CY_EE_SIZE = 0x800
                0x00000001                CY_APPL_NUM = 0x1
                0x00000001                CY_APPL_MAX = 0x1
                0x00000040                CY_METADATA_SIZE = 0x40
                0x00000000                CY_APPL_LOADABLE = 0x0
                0x00000000                CY_CHECKSUM_EXCLUDE_SIZE = ALIGN (0x0, CY_FLASH_ROW_SIZE)
                [!provide]                PROVIDE (__cy_heap_start, _end)
                0x00000001                PROVIDE (__cy_region_num, ((__cy_regions_end - __cy_regions) / 0x10))
                0x20008000                PROVIDE (__cy_stack, (ORIGIN (ram) + LENGTH (ram)))
                [!provide]                PROVIDE (__cy_heap_end, (__cy_stack - 0x800))

.cybootloader   0x00000000        0x0
 *(.cybootloader)
                0x00000000                appl1_start = CY_APPL_ORIGIN?CY_APPL_ORIGIN:ALIGN (CY_FLASH_ROW_SIZE)
                0x0001ff00                appl2_start = (appl1_start + ALIGN ((((LENGTH (rom) - appl1_start) - (0x2 * CY_FLASH_ROW_SIZE)) / 0x2), CY_FLASH_ROW_SIZE))
                0x00000000                appl_start = (CY_APPL_NUM == 0x1)?appl1_start:appl2_start
                0x00000000                ecc_offset = ((appl_start / CY_FLASH_ROW_SIZE) * CY_ECC_ROW_SIZE)
                0x00000000                ee_offset = (CY_APPL_LOADABLE && ! (CY_EE_IN_BTLDR))?((CY_EE_SIZE / CY_APPL_MAX) * (CY_APPL_NUM - 0x1)):0x0
                0x00000800                ee_size = (CY_APPL_LOADABLE && ! (CY_EE_IN_BTLDR))?(CY_EE_SIZE / CY_APPL_MAX):CY_EE_SIZE
                [!provide]                PROVIDE (CY_ECC_OFFSET, ecc_offset)

.text           0x00000000     0x104e
 CREATE_OBJECT_SYMBOLS
                0x00000000                PROVIDE (__cy_interrupt_vector, RomVectors)
 *(.romvectors)
 .romvectors    0x00000000       0x10 .\CortexM3\ARM_GCC_541\Debug\Cm3Start.o
                0x00000000                RomVectors
                0x00000001                ASSERT ((. != __cy_interrupt_vector), No interrupt vector)
                0x00000001                ASSERT (CY_APPL_ORIGIN?(SIZEOF (.cybootloader) <= CY_APPL_ORIGIN):0x1, Wrong image location)
                0x00000010                PROVIDE (__cy_reset, Reset)
 *(.text.Reset)
 .text.Reset    0x00000010       0x18 .\CortexM3\ARM_GCC_541\Debug\Cm3Start.o
                0x00000010                Reset
                0x00000001                ASSERT ((. != __cy_reset), No reset code)
 *(.dma_init)
                0x00000001                ASSERT ((((appl_start + .) <= 0x10000) || 0x1), DMA Init must be within the first 64k of flash)
 *(.text .text.* .gnu.linkonce.t.*)
 .text          0x00000028       0x5c c:/program files (x86)/cypress/psoc creator/4.2/psoc creator/import/gnu/arm/5.4.1/bin/../lib/gcc/arm-none-eabi/5.4.1/armv7-m/crtbegin.o
 .text.Interrupcion
                0x00000084       0x14 .\CortexM3\ARM_GCC_541\Debug\main.o
                0x00000084                Interrupcion
 .text.main     0x00000098      0x778 .\CortexM3\ARM_GCC_541\Debug\main.o
                0x00000098                main
 .text.CyClockStartupError
                0x00000810        0x4 .\CortexM3\ARM_GCC_541\Debug\cyfitter_cfg.o
 .text.cfg_write_bytes32
                0x00000814       0x34 .\CortexM3\ARM_GCC_541\Debug\cyfitter_cfg.o
 .text.AnalogSetDefault
                0x00000848       0x28 .\CortexM3\ARM_GCC_541\Debug\cyfitter_cfg.o
 .text.CYMEMZERO
                0x00000870        0xc .\CortexM3\ARM_GCC_541\Debug\cyfitter_cfg.o
 .text.ClockSetup
                0x0000087c       0x9c .\CortexM3\ARM_GCC_541\Debug\cyfitter_cfg.o
 .text.CYCONFIGCPY
                0x00000918        0x8 .\CortexM3\ARM_GCC_541\Debug\cyfitter_cfg.o
 .text.cyfitter_cfg
                0x00000920       0xfc .\CortexM3\ARM_GCC_541\Debug\cyfitter_cfg.o
                0x00000920                cyfitter_cfg
 .text.IntDefaultHandler
                0x00000a1c       0x10 .\CortexM3\ARM_GCC_541\Debug\Cm3Start.o
                0x00000a1c                IntDefaultHandler
 .text.Start_c  0x00000a2c       0x4c .\CortexM3\ARM_GCC_541\Debug\Cm3Start.o
                0x00000a2c                Start_c
 .text.initialize_psoc
                0x00000a78       0x68 .\CortexM3\ARM_GCC_541\Debug\Cm3Start.o
                0x00000a78                initialize_psoc
 .text.Sw1_ClearInterrupt
                0x00000ae0       0x10 .\CortexM3\ARM_GCC_541\Debug\Foco leds.a(Sw1.o)
                0x00000ae0                Sw1_ClearInterrupt
 .text.IRQ_Sw_SetVector
                0x00000af0        0xc .\CortexM3\ARM_GCC_541\Debug\Foco leds.a(IRQ_Sw.o)
                0x00000af0                IRQ_Sw_SetVector
 .text.IRQ_Sw_SetPriority
                0x00000afc       0x10 .\CortexM3\ARM_GCC_541\Debug\Foco leds.a(IRQ_Sw.o)
                0x00000afc                IRQ_Sw_SetPriority
 .text.IRQ_Sw_Enable
                0x00000b0c        0xc .\CortexM3\ARM_GCC_541\Debug\Foco leds.a(IRQ_Sw.o)
                0x00000b0c                IRQ_Sw_Enable
 .text.IRQ_Sw_Disable
                0x00000b18        0xc .\CortexM3\ARM_GCC_541\Debug\Foco leds.a(IRQ_Sw.o)
                0x00000b18                IRQ_Sw_Disable
 .text.IRQ_Sw_StartEx
                0x00000b24       0x1c .\CortexM3\ARM_GCC_541\Debug\Foco leds.a(IRQ_Sw.o)
                0x00000b24                IRQ_Sw_StartEx
 .text.LED1_Write
                0x00000b40       0x18 .\CortexM3\ARM_GCC_541\Debug\Foco leds.a(LED1.o)
                0x00000b40                LED1_Write
 .text.LED2_Write
                0x00000b58       0x18 .\CortexM3\ARM_GCC_541\Debug\Foco leds.a(LED2.o)
                0x00000b58                LED2_Write
 .text.LED3_Write
                0x00000b70       0x18 .\CortexM3\ARM_GCC_541\Debug\Foco leds.a(LED3.o)
                0x00000b70                LED3_Write
 .text.LED4_Write
                0x00000b88       0x18 .\CortexM3\ARM_GCC_541\Debug\Foco leds.a(LED4.o)
                0x00000b88                LED4_Write
 .text.LED5_Write
                0x00000ba0       0x18 .\CortexM3\ARM_GCC_541\Debug\Foco leds.a(LED5.o)
                0x00000ba0                LED5_Write
 .text.LED6_Write
                0x00000bb8       0x18 .\CortexM3\ARM_GCC_541\Debug\Foco leds.a(LED6.o)
                0x00000bb8                LED6_Write
 .text.LED7_Write
                0x00000bd0       0x18 .\CortexM3\ARM_GCC_541\Debug\Foco leds.a(LED7.o)
                0x00000bd0                LED7_Write
 .text.LED8_Write
                0x00000be8       0x18 .\CortexM3\ARM_GCC_541\Debug\Foco leds.a(LED8.o)
                0x00000be8                LED8_Write
 .text.LED9_Write
                0x00000c00       0x18 .\CortexM3\ARM_GCC_541\Debug\Foco leds.a(LED9.o)
                0x00000c00                LED9_Write
 .text.LED10_Write
                0x00000c18       0x18 .\CortexM3\ARM_GCC_541\Debug\Foco leds.a(LED10.o)
                0x00000c18                LED10_Write
 .text.LCD_LoadCustomFonts
                0x00000c30       0x2c .\CortexM3\ARM_GCC_541\Debug\Foco leds.a(LCD_BarGraph.o)
                0x00000c30                LCD_LoadCustomFonts
 .text.LCD_DrawHorizontalBG
                0x00000c5c       0x60 .\CortexM3\ARM_GCC_541\Debug\Foco leds.a(LCD_BarGraph.o)
                0x00000c5c                LCD_DrawHorizontalBG
 .text.LCD_WrCntrlNib
                0x00000cbc       0x34 .\CortexM3\ARM_GCC_541\Debug\Foco leds.a(LCD.o)
 .text.LCD_WrDatNib
                0x00000cf0       0x44 .\CortexM3\ARM_GCC_541\Debug\Foco leds.a(LCD.o)
 .text.LCD_IsReady
                0x00000d34       0xe4 .\CortexM3\ARM_GCC_541\Debug\Foco leds.a(LCD.o)
                0x00000d34                LCD_IsReady
 .text.LCD_WriteData
                0x00000e18       0x18 .\CortexM3\ARM_GCC_541\Debug\Foco leds.a(LCD.o)
                0x00000e18                LCD_WriteData
 .text.LCD_PrintString
                0x00000e30       0x1c .\CortexM3\ARM_GCC_541\Debug\Foco leds.a(LCD.o)
                0x00000e30                LCD_PrintString
 .text.LCD_WriteControl
                0x00000e4c       0x18 .\CortexM3\ARM_GCC_541\Debug\Foco leds.a(LCD.o)
                0x00000e4c                LCD_WriteControl
 .text.LCD_Init
                0x00000e64       0x74 .\CortexM3\ARM_GCC_541\Debug\Foco leds.a(LCD.o)
                0x00000e64                LCD_Init
 .text.LCD_Enable
                0x00000ed8       0x14 .\CortexM3\ARM_GCC_541\Debug\Foco leds.a(LCD.o)
                0x00000ed8                LCD_Enable
 .text.LCD_Start
                0x00000eec       0x1c .\CortexM3\ARM_GCC_541\Debug\Foco leds.a(LCD.o)
                0x00000eec                LCD_Start
 .text.LCD_Position
                0x00000f08       0x3c .\CortexM3\ARM_GCC_541\Debug\Foco leds.a(LCD.o)
                0x00000f08                LCD_Position
 .text.FOCO_Write
                0x00000f44       0x18 .\CortexM3\ARM_GCC_541\Debug\Foco leds.a(FOCO.o)
                0x00000f44                FOCO_Write
 .text.FOCO_Read
                0x00000f5c       0x10 .\CortexM3\ARM_GCC_541\Debug\Foco leds.a(FOCO.o)
                0x00000f5c                FOCO_Read
 .text.CyDelay  0x00000f6c       0x2c .\CortexM3\ARM_GCC_541\Debug\Foco leds.a(CyLib.o)
                0x00000f6c                CyDelay
 .text.CyDelayUs
                0x00000f98       0x14 .\CortexM3\ARM_GCC_541\Debug\Foco leds.a(CyLib.o)
                0x00000f98                CyDelayUs
 *fill*         0x00000fac        0x4 
 .text          0x00000fb0       0x20 .\CortexM3\ARM_GCC_541\Debug\Foco leds.a(CyBootAsmGnu.o)
                0x00000fb0                CyDelayCycles
                0x00000fc0                CyEnterCriticalSection
                0x00000fc8                CyExitCriticalSection
 .text.__errno  0x00000fd0        0xc c:/program files (x86)/cypress/psoc creator/4.2/psoc creator/import/gnu/arm/5.4.1/bin/../lib/gcc/arm-none-eabi/5.4.1/../../../../arm-none-eabi/lib/armv7-m\libg_nano.a(lib_a-errno.o)
                0x00000fd0                __errno
 .text.__libc_init_array
                0x00000fdc       0x4c c:/program files (x86)/cypress/psoc creator/4.2/psoc creator/import/gnu/arm/5.4.1/bin/../lib/gcc/arm-none-eabi/5.4.1/../../../../arm-none-eabi/lib/armv7-m\libg_nano.a(lib_a-init.o)
                0x00000fdc                __libc_init_array
 .text.memcpy   0x00001028       0x16 c:/program files (x86)/cypress/psoc creator/4.2/psoc creator/import/gnu/arm/5.4.1/bin/../lib/gcc/arm-none-eabi/5.4.1/../../../../arm-none-eabi/lib/armv7-m\libg_nano.a(lib_a-memcpy-stub.o)
                0x00001028                memcpy
 .text.memset   0x0000103e       0x10 c:/program files (x86)/cypress/psoc creator/4.2/psoc creator/import/gnu/arm/5.4.1/bin/../lib/gcc/arm-none-eabi/5.4.1/../../../../arm-none-eabi/lib/armv7-m\libg_nano.a(lib_a-memset.o)
                0x0000103e                memset
 *(.plt)
 *(.gnu.warning)
 *(.glue_7t)
 .glue_7t       0x0000104e        0x0 linker stubs
 *(.glue_7)
 .glue_7        0x0000104e        0x0 linker stubs
 *(.vfp11_veneer)
 .vfp11_veneer  0x0000104e        0x0 linker stubs
 *(.bootloader)
 *(.ARM.extab* .gnu.linkonce.armextab.*)
 *(.gcc_except_table)

.v4_bx          0x00001050        0x0
 .v4_bx         0x00001050        0x0 linker stubs

.iplt           0x00001050        0x0
 .iplt          0x00001050        0x0 c:/program files (x86)/cypress/psoc creator/4.2/psoc creator/import/gnu/arm/5.4.1/bin/../lib/gcc/arm-none-eabi/5.4.1/armv7-m/crtbegin.o

.eh_frame_hdr
 *(.eh_frame_hdr)

.eh_frame       0x00001050        0x4
 *(.eh_frame)
 .eh_frame      0x00001050        0x0 c:/program files (x86)/cypress/psoc creator/4.2/psoc creator/import/gnu/arm/5.4.1/bin/../lib/gcc/arm-none-eabi/5.4.1/armv7-m/crtbegin.o
 .eh_frame      0x00001050        0x4 c:/program files (x86)/cypress/psoc creator/4.2/psoc creator/import/gnu/arm/5.4.1/bin/../lib/gcc/arm-none-eabi/5.4.1/armv7-m/crtend.o
                [!provide]                PROVIDE (__exidx_start, .)

.ARM.exidx
 *(.ARM.exidx* .gnu.linkonce.armexidx.*)
                0x00001054                __exidx_end = .

.rodata         0x00001054       0xd4
 *(.rodata .rodata.* .gnu.linkonce.r.*)
 .rodata.str1.4
                0x00001054       0x2c .\CortexM3\ARM_GCC_541\Debug\main.o
                                 0x2d (size before relaxing)
 .rodata        0x00001080       0x2a .\CortexM3\ARM_GCC_541\Debug\cyfitter_cfg.o
 *fill*         0x000010aa        0x2 
 .rodata        0x000010ac       0x40 .\CortexM3\ARM_GCC_541\Debug\Foco leds.a(LCD_BarGraph.o)
                0x000010ac                LCD_customFonts
 .rodata.str1.1
                0x000010ec        0x2 c:/program files (x86)/cypress/psoc creator/4.2/psoc creator/import/gnu/arm/5.4.1/bin/../lib/gcc/arm-none-eabi/5.4.1/../../../../arm-none-eabi/lib/armv7-m\libg_nano.a(lib_a-impure.o)
                0x000010f0                . = ALIGN (0x4)
 *fill*         0x000010ee        0x2 
 *(.init)
 .init          0x000010f0        0x4 c:/program files (x86)/cypress/psoc creator/4.2/psoc creator/import/gnu/arm/5.4.1/bin/../lib/gcc/arm-none-eabi/5.4.1/armv7-m/crti.o
                0x000010f0                _init
 .init          0x000010f4        0x8 c:/program files (x86)/cypress/psoc creator/4.2/psoc creator/import/gnu/arm/5.4.1/bin/../lib/gcc/arm-none-eabi/5.4.1/armv7-m/crtn.o
                0x000010fc                . = ALIGN (0x4)
                0x000010fc                __preinit_array_start = .
 *(.preinit_array)
                0x000010fc                __preinit_array_end = .
                0x000010fc                . = ALIGN (0x4)
                0x000010fc                __init_array_start = .
 *(SORT(.init_array.*))
 *(.init_array)
 .init_array    0x000010fc        0x4 c:/program files (x86)/cypress/psoc creator/4.2/psoc creator/import/gnu/arm/5.4.1/bin/../lib/gcc/arm-none-eabi/5.4.1/armv7-m/crtbegin.o
 .init_array    0x00001100        0x4 .\CortexM3\ARM_GCC_541\Debug\Cm3Start.o
                0x00001104                __init_array_end = .
                0x00001104                . = ALIGN (0x4)
 *(.fini)
 .fini          0x00001104        0x4 c:/program files (x86)/cypress/psoc creator/4.2/psoc creator/import/gnu/arm/5.4.1/bin/../lib/gcc/arm-none-eabi/5.4.1/armv7-m/crti.o
                0x00001104                _fini
 .fini          0x00001108        0x8 c:/program files (x86)/cypress/psoc creator/4.2/psoc creator/import/gnu/arm/5.4.1/bin/../lib/gcc/arm-none-eabi/5.4.1/armv7-m/crtn.o
                0x00001110                . = ALIGN (0x4)
                0x00001110                __fini_array_start = .
 *(.fini_array)
 .fini_array    0x00001110        0x4 c:/program files (x86)/cypress/psoc creator/4.2/psoc creator/import/gnu/arm/5.4.1/bin/../lib/gcc/arm-none-eabi/5.4.1/armv7-m/crtbegin.o
 *(SORT(.fini_array.*))
                0x00001114                __fini_array_end = .
                0x00001114                . = ALIGN (0x4)
 *crtbegin.o(.ctors)
 *(EXCLUDE_FILE(*crtend.o) .ctors)
 *(SORT(.ctors.*))
 *crtend.o(.ctors)
                0x00001114                . = ALIGN (0x4)
 *crtbegin.o(.dtors)
 *(EXCLUDE_FILE(*crtend.o) .dtors)
 *(SORT(.dtors.*))
 *crtend.o(.dtors)
                0x00001114                . = ALIGN (0x4)
                0x00001114                __cy_regions = .
                0x00001114        0x4 LONG 0x1128 __cy_region_init_ram
                0x00001118        0x4 LONG 0x1fff80c8 __cy_region_start_data
                0x0000111c        0x4 LONG 0x78 __cy_region_init_size_ram
                0x00001120        0x4 LONG 0x20 __cy_region_zero_size_ram
                0x00001124                __cy_regions_end = .
                0x00001128                . = ALIGN (0x8)
 *fill*         0x00001124        0x4 
                0x00001128                _etext = .

.cy_checksum_exclude
                0x00001128        0x0
 *(.cy_checksum_exclude)

.ramvectors     0x1fff8000       0xc0
                0x1fff8000                __cy_region_start_ram = .
 *(.ramvectors)
 .ramvectors    0x1fff8000       0xc0 .\CortexM3\ARM_GCC_541\Debug\Cm3Start.o
                0x1fff8000                CyRamVectors

.noinit         0x1fff80c0        0x1
 *(.noinit)
 .noinit        0x1fff80c0        0x1 .\CortexM3\ARM_GCC_541\Debug\Foco leds.a(CyLib.o)
                0x1fff80c0                CyResetStatus

.data           0x1fff80c8       0x78 load address 0x00001128
                0x1fff80c8                __cy_region_start_data = .
 *(.jcr)
 .jcr           0x1fff80c8        0x0 c:/program files (x86)/cypress/psoc creator/4.2/psoc creator/import/gnu/arm/5.4.1/bin/../lib/gcc/arm-none-eabi/5.4.1/armv7-m/crtbegin.o
 .jcr           0x1fff80c8        0x4 c:/program files (x86)/cypress/psoc creator/4.2/psoc creator/import/gnu/arm/5.4.1/bin/../lib/gcc/arm-none-eabi/5.4.1/armv7-m/crtend.o
 *(.got.plt)
 *(.got)
 *(.shdata)
 *(.data .data.* .gnu.linkonce.d.*)
 .data          0x1fff80cc       0x10 .\CortexM3\ARM_GCC_541\Debug\Foco leds.a(CyLib.o)
                0x1fff80cc                cydelay_32k_ms
                0x1fff80d0                cydelay_freq_khz
                0x1fff80d4                cydelay_freq_mhz
                0x1fff80d8                cydelay_freq_hz
 .data.impure_data
                0x1fff80dc       0x60 c:/program files (x86)/cypress/psoc creator/4.2/psoc creator/import/gnu/arm/5.4.1/bin/../lib/gcc/arm-none-eabi/5.4.1/../../../../arm-none-eabi/lib/armv7-m\libg_nano.a(lib_a-impure.o)
 .data._impure_ptr
                0x1fff813c        0x4 c:/program files (x86)/cypress/psoc creator/4.2/psoc creator/import/gnu/arm/5.4.1/bin/../lib/gcc/arm-none-eabi/5.4.1/../../../../arm-none-eabi/lib/armv7-m\libg_nano.a(lib_a-impure.o)
                0x1fff813c                _impure_ptr
                0x1fff8140                . = ALIGN (0x8)
 *(.ram)
                0x1fff8140                _edata = .

.igot.plt       0x1fff8140        0x0 load address 0x000011a0
 .igot.plt      0x1fff8140        0x0 c:/program files (x86)/cypress/psoc creator/4.2/psoc creator/import/gnu/arm/5.4.1/bin/../lib/gcc/arm-none-eabi/5.4.1/armv7-m/crtbegin.o

.bss            0x1fff8140       0x20 load address 0x000011a0
                0x1fff8140                PROVIDE (__bss_start__, .)
 *(.shbss)
 *(.bss .bss.* .gnu.linkonce.b.*)
 .bss           0x1fff8140       0x1c c:/program files (x86)/cypress/psoc creator/4.2/psoc creator/import/gnu/arm/5.4.1/bin/../lib/gcc/arm-none-eabi/5.4.1/armv7-m/crtbegin.o
 .bss           0x1fff815c        0x2 .\CortexM3\ARM_GCC_541\Debug\Foco leds.a(LCD.o)
                0x1fff815c                LCD_enableState
                0x1fff815d                LCD_initVar
 *(COMMON)
                0x1fff8160                . = ALIGN (0x8)
 *fill*         0x1fff815e        0x2 
 *(.ram.b)
                0x1fff8160                _end = .
                0x1fff8160                __end = .
                0x1fff8160                PROVIDE (end, .)
                0x1fff8160                PROVIDE (__bss_end__, .)
                0x00001128                __cy_region_init_ram = LOADADDR (.data)
                0x00000078                __cy_region_init_size_ram = (_edata - ADDR (.data))
                0x00000020                __cy_region_zero_size_ram = (_end - _edata)

.heap           0x1fff8160       0x80 load address 0x000011a0
                0x1fff8160                . = _end
                0x1fff81e0                . = (. + 0x80)
 *fill*         0x1fff8160       0x80 
                0x1fff81e0                __cy_heap_limit = .

.stack          0x20007800      0x800
                0x20007800                __cy_stack_limit = .
                0x20008000                . = (. + 0x800)
 *fill*         0x20007800      0x800 
                0x00000001                ASSERT ((__cy_stack_limit >= __cy_heap_limit), region RAM overflowed with stack)
                0x00000000                cy_checksum_exclude_size = (CY_APPL_LOADABLE == 0x1)?SIZEOF (.cy_checksum_exclude):0x0
                0x00000001                ASSERT ((cy_checksum_exclude_size <= CY_CHECKSUM_EXCLUDE_SIZE), CY_BOOT: Section .cy_checksum_exclude size exceedes specified limit.)

.cyloadermeta
 *(.cyloadermeta)

.cyloadablemeta
 *(.cyloadablemeta)

.cyconfigecc    0x80000000       0x34
 *(.cyconfigecc)
 .cyconfigecc   0x80000000       0x34 .\CortexM3\ARM_GCC_541\Debug\cymetadata.o
                0x80000000                cy_meta_configecc

.cycustnvl      0x90000000        0x4
 *(.cycustnvl)
 .cycustnvl     0x90000000        0x4 .\CortexM3\ARM_GCC_541\Debug\cymetadata.o
                0x90000000                cy_meta_custnvl

.cywolatch      0x90100000        0x4
 *(.cywolatch)
 .cywolatch     0x90100000        0x4 .\CortexM3\ARM_GCC_541\Debug\cymetadata.o
                0x90100000                cy_meta_wonvl

.cyeeprom       0x90200000        0x0
 *(.cyeeprom)
                0x00000001                ASSERT ((. <= ((0x90200000 + ee_offset) + ee_size)), .cyeeprom data will not fit in EEPROM)

.cyflashprotect
                0x90400000      0x100
 *(.cyflashprotect)
 .cyflashprotect
                0x90400000      0x100 .\CortexM3\ARM_GCC_541\Debug\cymetadata.o
                0x90400000                cy_meta_flashprotect

.cymeta         0x90500000        0xc
 *(.cymeta)
 .cymeta        0x90500000        0xc .\CortexM3\ARM_GCC_541\Debug\cymetadata.o
                0x90500000                cy_metadata

.rel.dyn        0x000011a0        0x0 load address 0x9050000c
 .rel.iplt      0x000011a0        0x0 c:/program files (x86)/cypress/psoc creator/4.2/psoc creator/import/gnu/arm/5.4.1/bin/../lib/gcc/arm-none-eabi/5.4.1/armv7-m/crtbegin.o

.stab
 *(.stab)

.stabstr
 *(.stabstr)

.debug
 *(.debug)

.line
 *(.line)

.debug_srcinfo
 *(.debug_srcinfo)

.debug_sfnames
 *(.debug_sfnames)

.debug_aranges  0x00000000      0x930
 *(.debug_aranges)
 .debug_aranges
                0x00000000       0x28 .\CortexM3\ARM_GCC_541\Debug\main.o
 .debug_aranges
                0x00000028       0x58 .\CortexM3\ARM_GCC_541\Debug\cyfitter_cfg.o
 .debug_aranges
                0x00000080       0x18 .\CortexM3\ARM_GCC_541\Debug\cymetadata.o
 .debug_aranges
                0x00000098       0x48 .\CortexM3\ARM_GCC_541\Debug\Cm3Start.o
 .debug_aranges
                0x000000e0       0x48 .\CortexM3\ARM_GCC_541\Debug\Foco leds.a(Sw1.o)
 .debug_aranges
                0x00000128       0x80 .\CortexM3\ARM_GCC_541\Debug\Foco leds.a(IRQ_Sw.o)
 .debug_aranges
                0x000001a8       0x38 .\CortexM3\ARM_GCC_541\Debug\Foco leds.a(LED1.o)
 .debug_aranges
                0x000001e0       0x38 .\CortexM3\ARM_GCC_541\Debug\Foco leds.a(LED2.o)
 .debug_aranges
                0x00000218       0x38 .\CortexM3\ARM_GCC_541\Debug\Foco leds.a(LED3.o)
 .debug_aranges
                0x00000250       0x38 .\CortexM3\ARM_GCC_541\Debug\Foco leds.a(LED4.o)
 .debug_aranges
                0x00000288       0x38 .\CortexM3\ARM_GCC_541\Debug\Foco leds.a(LED5.o)
 .debug_aranges
                0x000002c0       0x38 .\CortexM3\ARM_GCC_541\Debug\Foco leds.a(LED6.o)
 .debug_aranges
                0x000002f8       0x38 .\CortexM3\ARM_GCC_541\Debug\Foco leds.a(LED7.o)
 .debug_aranges
                0x00000330       0x38 .\CortexM3\ARM_GCC_541\Debug\Foco leds.a(LED8.o)
 .debug_aranges
                0x00000368       0x38 .\CortexM3\ARM_GCC_541\Debug\Foco leds.a(LED9.o)
 .debug_aranges
                0x000003a0       0x38 .\CortexM3\ARM_GCC_541\Debug\Foco leds.a(LED10.o)
 .debug_aranges
                0x000003d8       0x28 .\CortexM3\ARM_GCC_541\Debug\Foco leds.a(LCD_BarGraph.o)
 .debug_aranges
                0x00000400       0x98 .\CortexM3\ARM_GCC_541\Debug\Foco leds.a(LCD.o)
 .debug_aranges
                0x00000498       0x38 .\CortexM3\ARM_GCC_541\Debug\Foco leds.a(FOCO.o)
 .debug_aranges
                0x000004d0      0x2a0 .\CortexM3\ARM_GCC_541\Debug\Foco leds.a(CyLib.o)
 .debug_aranges
                0x00000770       0x98 .\CortexM3\ARM_GCC_541\Debug\Foco leds.a(cyPm.o)
 .debug_aranges
                0x00000808       0x20 .\CortexM3\ARM_GCC_541\Debug\Foco leds.a(CyBootAsmGnu.o)
 .debug_aranges
                0x00000828       0x88 .\CortexM3\ARM_GCC_541\Debug\Foco leds.a(CyFlash.o)
 .debug_aranges
                0x000008b0       0x80 .\CortexM3\ARM_GCC_541\Debug\Foco leds.a(CySpc.o)

.debug_pubnames
 *(.debug_pubnames)

.debug_info     0x00000000     0x6618
 *(.debug_info .gnu.linkonce.wi.*)
 .debug_info    0x00000000     0x182b .\CortexM3\ARM_GCC_541\Debug\main.o
 .debug_info    0x0000182b      0x516 .\CortexM3\ARM_GCC_541\Debug\cyfitter_cfg.o
 .debug_info    0x00001d41      0x134 .\CortexM3\ARM_GCC_541\Debug\cymetadata.o
 .debug_info    0x00001e75      0x3bb .\CortexM3\ARM_GCC_541\Debug\Cm3Start.o
 .debug_info    0x00002230      0x174 .\CortexM3\ARM_GCC_541\Debug\Foco leds.a(Sw1.o)
 .debug_info    0x000023a4      0x2d2 .\CortexM3\ARM_GCC_541\Debug\Foco leds.a(IRQ_Sw.o)
 .debug_info    0x00002676      0x11f .\CortexM3\ARM_GCC_541\Debug\Foco leds.a(LED1.o)
 .debug_info    0x00002795      0x11f .\CortexM3\ARM_GCC_541\Debug\Foco leds.a(LED2.o)
 .debug_info    0x000028b4      0x11f .\CortexM3\ARM_GCC_541\Debug\Foco leds.a(LED3.o)
 .debug_info    0x000029d3      0x11f .\CortexM3\ARM_GCC_541\Debug\Foco leds.a(LED4.o)
 .debug_info    0x00002af2      0x11f .\CortexM3\ARM_GCC_541\Debug\Foco leds.a(LED5.o)
 .debug_info    0x00002c11      0x11f .\CortexM3\ARM_GCC_541\Debug\Foco leds.a(LED6.o)
 .debug_info    0x00002d30      0x11f .\CortexM3\ARM_GCC_541\Debug\Foco leds.a(LED7.o)
 .debug_info    0x00002e4f      0x11f .\CortexM3\ARM_GCC_541\Debug\Foco leds.a(LED8.o)
 .debug_info    0x00002f6e      0x11f .\CortexM3\ARM_GCC_541\Debug\Foco leds.a(LED9.o)
 .debug_info    0x0000308d      0x11f .\CortexM3\ARM_GCC_541\Debug\Foco leds.a(LED10.o)
 .debug_info    0x000031ac      0x222 .\CortexM3\ARM_GCC_541\Debug\Foco leds.a(LCD_BarGraph.o)
 .debug_info    0x000033ce      0x752 .\CortexM3\ARM_GCC_541\Debug\Foco leds.a(LCD.o)
 .debug_info    0x00003b20      0x11f .\CortexM3\ARM_GCC_541\Debug\Foco leds.a(FOCO.o)
 .debug_info    0x00003c3f     0x1374 .\CortexM3\ARM_GCC_541\Debug\Foco leds.a(CyLib.o)
 .debug_info    0x00004fb3      0xa2a .\CortexM3\ARM_GCC_541\Debug\Foco leds.a(cyPm.o)
 .debug_info    0x000059dd       0x9e .\CortexM3\ARM_GCC_541\Debug\Foco leds.a(CyBootAsmGnu.o)
 .debug_info    0x00005a7b      0x64d .\CortexM3\ARM_GCC_541\Debug\Foco leds.a(CyFlash.o)
 .debug_info    0x000060c8      0x550 .\CortexM3\ARM_GCC_541\Debug\Foco leds.a(CySpc.o)

.debug_abbrev   0x00000000     0x16fb
 *(.debug_abbrev)
 .debug_abbrev  0x00000000       0xde .\CortexM3\ARM_GCC_541\Debug\main.o
 .debug_abbrev  0x000000de      0x1fe .\CortexM3\ARM_GCC_541\Debug\cyfitter_cfg.o
 .debug_abbrev  0x000002dc       0x5d .\CortexM3\ARM_GCC_541\Debug\cymetadata.o
 .debug_abbrev  0x00000339      0x1e8 .\CortexM3\ARM_GCC_541\Debug\Cm3Start.o
 .debug_abbrev  0x00000521       0x90 .\CortexM3\ARM_GCC_541\Debug\Foco leds.a(Sw1.o)
 .debug_abbrev  0x000005b1      0x173 .\CortexM3\ARM_GCC_541\Debug\Foco leds.a(IRQ_Sw.o)
 .debug_abbrev  0x00000724       0x90 .\CortexM3\ARM_GCC_541\Debug\Foco leds.a(LED1.o)
 .debug_abbrev  0x000007b4       0x90 .\CortexM3\ARM_GCC_541\Debug\Foco leds.a(LED2.o)
 .debug_abbrev  0x00000844       0x90 .\CortexM3\ARM_GCC_541\Debug\Foco leds.a(LED3.o)
 .debug_abbrev  0x000008d4       0x90 .\CortexM3\ARM_GCC_541\Debug\Foco leds.a(LED4.o)
 .debug_abbrev  0x00000964       0x90 .\CortexM3\ARM_GCC_541\Debug\Foco leds.a(LED5.o)
 .debug_abbrev  0x000009f4       0x90 .\CortexM3\ARM_GCC_541\Debug\Foco leds.a(LED6.o)
 .debug_abbrev  0x00000a84       0x90 .\CortexM3\ARM_GCC_541\Debug\Foco leds.a(LED7.o)
 .debug_abbrev  0x00000b14       0x90 .\CortexM3\ARM_GCC_541\Debug\Foco leds.a(LED8.o)
 .debug_abbrev  0x00000ba4       0x90 .\CortexM3\ARM_GCC_541\Debug\Foco leds.a(LED9.o)
 .debug_abbrev  0x00000c34       0x90 .\CortexM3\ARM_GCC_541\Debug\Foco leds.a(LED10.o)
 .debug_abbrev  0x00000cc4       0xf1 .\CortexM3\ARM_GCC_541\Debug\Foco leds.a(LCD_BarGraph.o)
 .debug_abbrev  0x00000db5      0x168 .\CortexM3\ARM_GCC_541\Debug\Foco leds.a(LCD.o)
 .debug_abbrev  0x00000f1d       0x90 .\CortexM3\ARM_GCC_541\Debug\Foco leds.a(FOCO.o)
 .debug_abbrev  0x00000fad      0x254 .\CortexM3\ARM_GCC_541\Debug\Foco leds.a(CyLib.o)
 .debug_abbrev  0x00001201      0x1ab .\CortexM3\ARM_GCC_541\Debug\Foco leds.a(cyPm.o)
 .debug_abbrev  0x000013ac       0x14 .\CortexM3\ARM_GCC_541\Debug\Foco leds.a(CyBootAsmGnu.o)
 .debug_abbrev  0x000013c0      0x1a7 .\CortexM3\ARM_GCC_541\Debug\Foco leds.a(CyFlash.o)
 .debug_abbrev  0x00001567      0x194 .\CortexM3\ARM_GCC_541\Debug\Foco leds.a(CySpc.o)

.debug_line     0x00000000     0x2382
 *(.debug_line)
 .debug_line    0x00000000      0x317 .\CortexM3\ARM_GCC_541\Debug\main.o
 .debug_line    0x00000317      0x1d4 .\CortexM3\ARM_GCC_541\Debug\cyfitter_cfg.o
 .debug_line    0x000004eb      0x141 .\CortexM3\ARM_GCC_541\Debug\cymetadata.o
 .debug_line    0x0000062c      0x234 .\CortexM3\ARM_GCC_541\Debug\Cm3Start.o
 .debug_line    0x00000860       0xb4 .\CortexM3\ARM_GCC_541\Debug\Foco leds.a(Sw1.o)
 .debug_line    0x00000914      0x133 .\CortexM3\ARM_GCC_541\Debug\Foco leds.a(IRQ_Sw.o)
 .debug_line    0x00000a47       0x91 .\CortexM3\ARM_GCC_541\Debug\Foco leds.a(LED1.o)
 .debug_line    0x00000ad8       0x91 .\CortexM3\ARM_GCC_541\Debug\Foco leds.a(LED2.o)
 .debug_line    0x00000b69       0x91 .\CortexM3\ARM_GCC_541\Debug\Foco leds.a(LED3.o)
 .debug_line    0x00000bfa       0x91 .\CortexM3\ARM_GCC_541\Debug\Foco leds.a(LED4.o)
 .debug_line    0x00000c8b       0x91 .\CortexM3\ARM_GCC_541\Debug\Foco leds.a(LED5.o)
 .debug_line    0x00000d1c       0x91 .\CortexM3\ARM_GCC_541\Debug\Foco leds.a(LED6.o)
 .debug_line    0x00000dad       0x91 .\CortexM3\ARM_GCC_541\Debug\Foco leds.a(LED7.o)
 .debug_line    0x00000e3e       0x91 .\CortexM3\ARM_GCC_541\Debug\Foco leds.a(LED8.o)
 .debug_line    0x00000ecf       0x91 .\CortexM3\ARM_GCC_541\Debug\Foco leds.a(LED9.o)
 .debug_line    0x00000f60       0x92 .\CortexM3\ARM_GCC_541\Debug\Foco leds.a(LED10.o)
 .debug_line    0x00000ff2       0xbc .\CortexM3\ARM_GCC_541\Debug\Foco leds.a(LCD_BarGraph.o)
 .debug_line    0x000010ae      0x1e6 .\CortexM3\ARM_GCC_541\Debug\Foco leds.a(LCD.o)
 .debug_line    0x00001294       0x91 .\CortexM3\ARM_GCC_541\Debug\Foco leds.a(FOCO.o)
 .debug_line    0x00001325      0x816 .\CortexM3\ARM_GCC_541\Debug\Foco leds.a(CyLib.o)
 .debug_line    0x00001b3b      0x367 .\CortexM3\ARM_GCC_541\Debug\Foco leds.a(cyPm.o)
 .debug_line    0x00001ea2       0x66 .\CortexM3\ARM_GCC_541\Debug\Foco leds.a(CyBootAsmGnu.o)
 .debug_line    0x00001f08      0x21a .\CortexM3\ARM_GCC_541\Debug\Foco leds.a(CyFlash.o)
 .debug_line    0x00002122      0x260 .\CortexM3\ARM_GCC_541\Debug\Foco leds.a(CySpc.o)

.debug_frame    0x00000000     0x1608
 *(.debug_frame)
 .debug_frame   0x00000000       0x48 .\CortexM3\ARM_GCC_541\Debug\main.o
 .debug_frame   0x00000048       0xe4 .\CortexM3\ARM_GCC_541\Debug\cyfitter_cfg.o
 .debug_frame   0x0000012c       0xb8 .\CortexM3\ARM_GCC_541\Debug\Cm3Start.o
 .debug_frame   0x000001e4       0x70 .\CortexM3\ARM_GCC_541\Debug\Foco leds.a(Sw1.o)
 .debug_frame   0x00000254      0x104 .\CortexM3\ARM_GCC_541\Debug\Foco leds.a(IRQ_Sw.o)
 .debug_frame   0x00000358       0x50 .\CortexM3\ARM_GCC_541\Debug\Foco leds.a(LED1.o)
 .debug_frame   0x000003a8       0x50 .\CortexM3\ARM_GCC_541\Debug\Foco leds.a(LED2.o)
 .debug_frame   0x000003f8       0x50 .\CortexM3\ARM_GCC_541\Debug\Foco leds.a(LED3.o)
 .debug_frame   0x00000448       0x50 .\CortexM3\ARM_GCC_541\Debug\Foco leds.a(LED4.o)
 .debug_frame   0x00000498       0x50 .\CortexM3\ARM_GCC_541\Debug\Foco leds.a(LED5.o)
 .debug_frame   0x000004e8       0x50 .\CortexM3\ARM_GCC_541\Debug\Foco leds.a(LED6.o)
 .debug_frame   0x00000538       0x50 .\CortexM3\ARM_GCC_541\Debug\Foco leds.a(LED7.o)
 .debug_frame   0x00000588       0x50 .\CortexM3\ARM_GCC_541\Debug\Foco leds.a(LED8.o)
 .debug_frame   0x000005d8       0x50 .\CortexM3\ARM_GCC_541\Debug\Foco leds.a(LED9.o)
 .debug_frame   0x00000628       0x50 .\CortexM3\ARM_GCC_541\Debug\Foco leds.a(LED10.o)
 .debug_frame   0x00000678       0x58 .\CortexM3\ARM_GCC_541\Debug\Foco leds.a(LCD_BarGraph.o)
 .debug_frame   0x000006d0      0x1e8 .\CortexM3\ARM_GCC_541\Debug\Foco leds.a(LCD.o)
 .debug_frame   0x000008b8       0x50 .\CortexM3\ARM_GCC_541\Debug\Foco leds.a(FOCO.o)
 .debug_frame   0x00000908      0x738 .\CortexM3\ARM_GCC_541\Debug\Foco leds.a(CyLib.o)
 .debug_frame   0x00001040      0x1f8 .\CortexM3\ARM_GCC_541\Debug\Foco leds.a(cyPm.o)
 .debug_frame   0x00001238      0x194 .\CortexM3\ARM_GCC_541\Debug\Foco leds.a(CyFlash.o)
 .debug_frame   0x000013cc      0x180 .\CortexM3\ARM_GCC_541\Debug\Foco leds.a(CySpc.o)
 .debug_frame   0x0000154c       0x20 c:/program files (x86)/cypress/psoc creator/4.2/psoc creator/import/gnu/arm/5.4.1/bin/../lib/gcc/arm-none-eabi/5.4.1/../../../../arm-none-eabi/lib/armv7-m\libg_nano.a(lib_a-errno.o)
 .debug_frame   0x0000156c       0x28 c:/program files (x86)/cypress/psoc creator/4.2/psoc creator/import/gnu/arm/5.4.1/bin/../lib/gcc/arm-none-eabi/5.4.1/../../../../arm-none-eabi/lib/armv7-m\libg_nano.a(lib_a-exit.o)
 .debug_frame   0x00001594       0x2c c:/program files (x86)/cypress/psoc creator/4.2/psoc creator/import/gnu/arm/5.4.1/bin/../lib/gcc/arm-none-eabi/5.4.1/../../../../arm-none-eabi/lib/armv7-m\libg_nano.a(lib_a-init.o)
 .debug_frame   0x000015c0       0x28 c:/program files (x86)/cypress/psoc creator/4.2/psoc creator/import/gnu/arm/5.4.1/bin/../lib/gcc/arm-none-eabi/5.4.1/../../../../arm-none-eabi/lib/armv7-m\libg_nano.a(lib_a-memcpy-stub.o)
 .debug_frame   0x000015e8       0x20 c:/program files (x86)/cypress/psoc creator/4.2/psoc creator/import/gnu/arm/5.4.1/bin/../lib/gcc/arm-none-eabi/5.4.1/../../../../arm-none-eabi/lib/armv7-m\libg_nano.a(lib_a-memset.o)

.debug_str      0x00000000     0x1a23
 *(.debug_str)
 .debug_str     0x00000000      0x27b .\CortexM3\ARM_GCC_541\Debug\main.o
                                0x2c3 (size before relaxing)
 .debug_str     0x0000027b      0x187 .\CortexM3\ARM_GCC_541\Debug\cyfitter_cfg.o
                                0x31d (size before relaxing)
 .debug_str     0x00000402       0x7f .\CortexM3\ARM_GCC_541\Debug\cymetadata.o
                                0x1f2 (size before relaxing)
 .debug_str     0x00000481      0x144 .\CortexM3\ARM_GCC_541\Debug\Cm3Start.o
                                0x318 (size before relaxing)
 .debug_str     0x000005c5       0x7f .\CortexM3\ARM_GCC_541\Debug\Foco leds.a(Sw1.o)
                                0x21e (size before relaxing)
 .debug_str     0x00000644       0xfd .\CortexM3\ARM_GCC_541\Debug\Foco leds.a(IRQ_Sw.o)
                                0x2c2 (size before relaxing)
 .debug_str     0x00000741       0x4b .\CortexM3\ARM_GCC_541\Debug\Foco leds.a(LED1.o)
                                0x1eb (size before relaxing)
 .debug_str     0x0000078c       0x4b .\CortexM3\ARM_GCC_541\Debug\Foco leds.a(LED2.o)
                                0x1eb (size before relaxing)
 .debug_str     0x000007d7       0x4b .\CortexM3\ARM_GCC_541\Debug\Foco leds.a(LED3.o)
                                0x1eb (size before relaxing)
 .debug_str     0x00000822       0x4b .\CortexM3\ARM_GCC_541\Debug\Foco leds.a(LED4.o)
                                0x1eb (size before relaxing)
 .debug_str     0x0000086d       0x4b .\CortexM3\ARM_GCC_541\Debug\Foco leds.a(LED5.o)
                                0x1eb (size before relaxing)
 .debug_str     0x000008b8       0x4b .\CortexM3\ARM_GCC_541\Debug\Foco leds.a(LED6.o)
                                0x1eb (size before relaxing)
 .debug_str     0x00000903       0x4b .\CortexM3\ARM_GCC_541\Debug\Foco leds.a(LED7.o)
                                0x1eb (size before relaxing)
 .debug_str     0x0000094e       0x4b .\CortexM3\ARM_GCC_541\Debug\Foco leds.a(LED8.o)
                                0x1eb (size before relaxing)
 .debug_str     0x00000999       0x4b .\CortexM3\ARM_GCC_541\Debug\Foco leds.a(LED9.o)
                                0x1eb (size before relaxing)
 .debug_str     0x000009e4       0x4f .\CortexM3\ARM_GCC_541\Debug\Foco leds.a(LED10.o)
                                0x1f0 (size before relaxing)
 .debug_str     0x00000a33       0xad .\CortexM3\ARM_GCC_541\Debug\Foco leds.a(LCD_BarGraph.o)
                                0x269 (size before relaxing)
 .debug_str     0x00000ae0      0x120 .\CortexM3\ARM_GCC_541\Debug\Foco leds.a(LCD.o)
                                0x35d (size before relaxing)
 .debug_str     0x00000c00       0x41 .\CortexM3\ARM_GCC_541\Debug\Foco leds.a(FOCO.o)
                                0x1eb (size before relaxing)
 .debug_str     0x00000c41      0x816 .\CortexM3\ARM_GCC_541\Debug\Foco leds.a(CyLib.o)
                                0xa55 (size before relaxing)
 .debug_str     0x00001457      0x365 .\CortexM3\ARM_GCC_541\Debug\Foco leds.a(cyPm.o)
                                0x741 (size before relaxing)
 .debug_str     0x000017bc      0x1bb .\CortexM3\ARM_GCC_541\Debug\Foco leds.a(CyFlash.o)
                                0x3ce (size before relaxing)
 .debug_str     0x00001977       0xac .\CortexM3\ARM_GCC_541\Debug\Foco leds.a(CySpc.o)
                                0x346 (size before relaxing)

.debug_loc      0x00000000     0x2264
 *(.debug_loc)
 .debug_loc     0x00000000      0x1d7 .\CortexM3\ARM_GCC_541\Debug\cyfitter_cfg.o
 .debug_loc     0x000001d7      0x144 .\CortexM3\ARM_GCC_541\Debug\Cm3Start.o
 .debug_loc     0x0000031b       0x84 .\CortexM3\ARM_GCC_541\Debug\Foco leds.a(Sw1.o)
 .debug_loc     0x0000039f       0x56 .\CortexM3\ARM_GCC_541\Debug\Foco leds.a(IRQ_Sw.o)
 .debug_loc     0x000003f5       0x42 .\CortexM3\ARM_GCC_541\Debug\Foco leds.a(LED1.o)
 .debug_loc     0x00000437       0x42 .\CortexM3\ARM_GCC_541\Debug\Foco leds.a(LED2.o)
 .debug_loc     0x00000479       0x42 .\CortexM3\ARM_GCC_541\Debug\Foco leds.a(LED3.o)
 .debug_loc     0x000004bb       0x42 .\CortexM3\ARM_GCC_541\Debug\Foco leds.a(LED4.o)
 .debug_loc     0x000004fd       0x42 .\CortexM3\ARM_GCC_541\Debug\Foco leds.a(LED5.o)
 .debug_loc     0x0000053f       0x42 .\CortexM3\ARM_GCC_541\Debug\Foco leds.a(LED6.o)
 .debug_loc     0x00000581       0x42 .\CortexM3\ARM_GCC_541\Debug\Foco leds.a(LED7.o)
 .debug_loc     0x000005c3       0x42 .\CortexM3\ARM_GCC_541\Debug\Foco leds.a(LED8.o)
 .debug_loc     0x00000605       0x42 .\CortexM3\ARM_GCC_541\Debug\Foco leds.a(LED9.o)
 .debug_loc     0x00000647       0x42 .\CortexM3\ARM_GCC_541\Debug\Foco leds.a(LED10.o)
 .debug_loc     0x00000689      0x127 .\CortexM3\ARM_GCC_541\Debug\Foco leds.a(LCD_BarGraph.o)
 .debug_loc     0x000007b0      0x3c6 .\CortexM3\ARM_GCC_541\Debug\Foco leds.a(LCD.o)
 .debug_loc     0x00000b76       0x42 .\CortexM3\ARM_GCC_541\Debug\Foco leds.a(FOCO.o)
 .debug_loc     0x00000bb8      0xa11 .\CortexM3\ARM_GCC_541\Debug\Foco leds.a(CyLib.o)
 .debug_loc     0x000015c9      0x1e4 .\CortexM3\ARM_GCC_541\Debug\Foco leds.a(cyPm.o)
 .debug_loc     0x000017ad      0x3b2 .\CortexM3\ARM_GCC_541\Debug\Foco leds.a(CyFlash.o)
 .debug_loc     0x00001b5f      0x705 .\CortexM3\ARM_GCC_541\Debug\Foco leds.a(CySpc.o)

.debug_macinfo
 *(.debug_macinfo)

.debug_ranges   0x00000000      0x798
 *(.debug_ranges)
 .debug_ranges  0x00000000       0x18 .\CortexM3\ARM_GCC_541\Debug\main.o
 .debug_ranges  0x00000018       0x48 .\CortexM3\ARM_GCC_541\Debug\cyfitter_cfg.o
 .debug_ranges  0x00000060       0x38 .\CortexM3\ARM_GCC_541\Debug\Cm3Start.o
 .debug_ranges  0x00000098       0x38 .\CortexM3\ARM_GCC_541\Debug\Foco leds.a(Sw1.o)
 .debug_ranges  0x000000d0       0x70 .\CortexM3\ARM_GCC_541\Debug\Foco leds.a(IRQ_Sw.o)
 .debug_ranges  0x00000140       0x28 .\CortexM3\ARM_GCC_541\Debug\Foco leds.a(LED1.o)
 .debug_ranges  0x00000168       0x28 .\CortexM3\ARM_GCC_541\Debug\Foco leds.a(LED2.o)
 .debug_ranges  0x00000190       0x28 .\CortexM3\ARM_GCC_541\Debug\Foco leds.a(LED3.o)
 .debug_ranges  0x000001b8       0x28 .\CortexM3\ARM_GCC_541\Debug\Foco leds.a(LED4.o)
 .debug_ranges  0x000001e0       0x28 .\CortexM3\ARM_GCC_541\Debug\Foco leds.a(LED5.o)
 .debug_ranges  0x00000208       0x28 .\CortexM3\ARM_GCC_541\Debug\Foco leds.a(LED6.o)
 .debug_ranges  0x00000230       0x28 .\CortexM3\ARM_GCC_541\Debug\Foco leds.a(LED7.o)
 .debug_ranges  0x00000258       0x28 .\CortexM3\ARM_GCC_541\Debug\Foco leds.a(LED8.o)
 .debug_ranges  0x00000280       0x28 .\CortexM3\ARM_GCC_541\Debug\Foco leds.a(LED9.o)
 .debug_ranges  0x000002a8       0x28 .\CortexM3\ARM_GCC_541\Debug\Foco leds.a(LED10.o)
 .debug_ranges  0x000002d0       0x18 .\CortexM3\ARM_GCC_541\Debug\Foco leds.a(LCD_BarGraph.o)
 .debug_ranges  0x000002e8       0x88 .\CortexM3\ARM_GCC_541\Debug\Foco leds.a(LCD.o)
 .debug_ranges  0x00000370       0x28 .\CortexM3\ARM_GCC_541\Debug\Foco leds.a(FOCO.o)
 .debug_ranges  0x00000398      0x290 .\CortexM3\ARM_GCC_541\Debug\Foco leds.a(CyLib.o)
 .debug_ranges  0x00000628       0x88 .\CortexM3\ARM_GCC_541\Debug\Foco leds.a(cyPm.o)
 .debug_ranges  0x000006b0       0x78 .\CortexM3\ARM_GCC_541\Debug\Foco leds.a(CyFlash.o)
 .debug_ranges  0x00000728       0x70 .\CortexM3\ARM_GCC_541\Debug\Foco leds.a(CySpc.o)

.comment        0x00000000       0x6e
 .comment       0x00000000       0x6e .\CortexM3\ARM_GCC_541\Debug\main.o
                                 0x6f (size before relaxing)
 .comment       0x0000006e       0x6f .\CortexM3\ARM_GCC_541\Debug\cyfitter_cfg.o
 .comment       0x0000006e       0x6f .\CortexM3\ARM_GCC_541\Debug\cymetadata.o
 .comment       0x0000006e       0x6f .\CortexM3\ARM_GCC_541\Debug\Cm3Start.o
 .comment       0x0000006e       0x6f .\CortexM3\ARM_GCC_541\Debug\Foco leds.a(Sw1.o)
 .comment       0x0000006e       0x6f .\CortexM3\ARM_GCC_541\Debug\Foco leds.a(IRQ_Sw.o)
 .comment       0x0000006e       0x6f .\CortexM3\ARM_GCC_541\Debug\Foco leds.a(LED1.o)
 .comment       0x0000006e       0x6f .\CortexM3\ARM_GCC_541\Debug\Foco leds.a(LED2.o)
 .comment       0x0000006e       0x6f .\CortexM3\ARM_GCC_541\Debug\Foco leds.a(LED3.o)
 .comment       0x0000006e       0x6f .\CortexM3\ARM_GCC_541\Debug\Foco leds.a(LED4.o)
 .comment       0x0000006e       0x6f .\CortexM3\ARM_GCC_541\Debug\Foco leds.a(LED5.o)
 .comment       0x0000006e       0x6f .\CortexM3\ARM_GCC_541\Debug\Foco leds.a(LED6.o)
 .comment       0x0000006e       0x6f .\CortexM3\ARM_GCC_541\Debug\Foco leds.a(LED7.o)
 .comment       0x0000006e       0x6f .\CortexM3\ARM_GCC_541\Debug\Foco leds.a(LED8.o)
 .comment       0x0000006e       0x6f .\CortexM3\ARM_GCC_541\Debug\Foco leds.a(LED9.o)
 .comment       0x0000006e       0x6f .\CortexM3\ARM_GCC_541\Debug\Foco leds.a(LED10.o)
 .comment       0x0000006e       0x6f .\CortexM3\ARM_GCC_541\Debug\Foco leds.a(LCD_BarGraph.o)
 .comment       0x0000006e       0x6f .\CortexM3\ARM_GCC_541\Debug\Foco leds.a(LCD.o)
 .comment       0x0000006e       0x6f .\CortexM3\ARM_GCC_541\Debug\Foco leds.a(FOCO.o)
 .comment       0x0000006e       0x6f .\CortexM3\ARM_GCC_541\Debug\Foco leds.a(CyLib.o)
 .comment       0x0000006e       0x6f .\CortexM3\ARM_GCC_541\Debug\Foco leds.a(cyPm.o)
 .comment       0x0000006e       0x6f .\CortexM3\ARM_GCC_541\Debug\Foco leds.a(CyFlash.o)
 .comment       0x0000006e       0x6f .\CortexM3\ARM_GCC_541\Debug\Foco leds.a(CySpc.o)

.debug_weaknames
 *(.debug_weaknames)

.debug_funcnames
 *(.debug_funcnames)

.debug_typenames
 *(.debug_typenames)

.debug_varnames
 *(.debug_varnames)

.note.gnu.arm.ident
 *(.note.gnu.arm.ident)

.ARM.attributes
                0x00000000       0x29
 *(.ARM.attributes)
 .ARM.attributes
                0x00000000       0x1d c:/program files (x86)/cypress/psoc creator/4.2/psoc creator/import/gnu/arm/5.4.1/bin/../lib/gcc/arm-none-eabi/5.4.1/armv7-m/crti.o
 .ARM.attributes
                0x0000001d       0x2d c:/program files (x86)/cypress/psoc creator/4.2/psoc creator/import/gnu/arm/5.4.1/bin/../lib/gcc/arm-none-eabi/5.4.1/armv7-m/crtbegin.o
 .ARM.attributes
                0x0000004a       0x1b c:/program files (x86)/cypress/psoc creator/4.2/psoc creator/import/gnu/arm/5.4.1/bin/../lib/gcc/arm-none-eabi/5.4.1/../../../../arm-none-eabi/lib/armv7-m/crt0.o
 .ARM.attributes
                0x00000065       0x33 .\CortexM3\ARM_GCC_541\Debug\main.o
 .ARM.attributes
                0x00000098       0x33 .\CortexM3\ARM_GCC_541\Debug\cyfitter_cfg.o
 .ARM.attributes
                0x000000cb       0x33 .\CortexM3\ARM_GCC_541\Debug\cymetadata.o
 .ARM.attributes
                0x000000fe       0x33 .\CortexM3\ARM_GCC_541\Debug\Cm3Start.o
 .ARM.attributes
                0x00000131       0x33 .\CortexM3\ARM_GCC_541\Debug\Foco leds.a(Sw1.o)
 .ARM.attributes
                0x00000164       0x33 .\CortexM3\ARM_GCC_541\Debug\Foco leds.a(IRQ_Sw.o)
 .ARM.attributes
                0x00000197       0x33 .\CortexM3\ARM_GCC_541\Debug\Foco leds.a(LED1.o)
 .ARM.attributes
                0x000001ca       0x33 .\CortexM3\ARM_GCC_541\Debug\Foco leds.a(LED2.o)
 .ARM.attributes
                0x000001fd       0x33 .\CortexM3\ARM_GCC_541\Debug\Foco leds.a(LED3.o)
 .ARM.attributes
                0x00000230       0x33 .\CortexM3\ARM_GCC_541\Debug\Foco leds.a(LED4.o)
 .ARM.attributes
                0x00000263       0x33 .\CortexM3\ARM_GCC_541\Debug\Foco leds.a(LED5.o)
 .ARM.attributes
                0x00000296       0x33 .\CortexM3\ARM_GCC_541\Debug\Foco leds.a(LED6.o)
 .ARM.attributes
                0x000002c9       0x33 .\CortexM3\ARM_GCC_541\Debug\Foco leds.a(LED7.o)
 .ARM.attributes
                0x000002fc       0x33 .\CortexM3\ARM_GCC_541\Debug\Foco leds.a(LED8.o)
 .ARM.attributes
                0x0000032f       0x33 .\CortexM3\ARM_GCC_541\Debug\Foco leds.a(LED9.o)
 .ARM.attributes
                0x00000362       0x33 .\CortexM3\ARM_GCC_541\Debug\Foco leds.a(LED10.o)
 .ARM.attributes
                0x00000395       0x33 .\CortexM3\ARM_GCC_541\Debug\Foco leds.a(LCD_BarGraph.o)
 .ARM.attributes
                0x000003c8       0x33 .\CortexM3\ARM_GCC_541\Debug\Foco leds.a(LCD.o)
 .ARM.attributes
                0x000003fb       0x33 .\CortexM3\ARM_GCC_541\Debug\Foco leds.a(FOCO.o)
 .ARM.attributes
                0x0000042e       0x33 .\CortexM3\ARM_GCC_541\Debug\Foco leds.a(CyLib.o)
 .ARM.attributes
                0x00000461       0x33 .\CortexM3\ARM_GCC_541\Debug\Foco leds.a(cyPm.o)
 .ARM.attributes
                0x00000494       0x21 .\CortexM3\ARM_GCC_541\Debug\Foco leds.a(CyBootAsmGnu.o)
 .ARM.attributes
                0x000004b5       0x33 .\CortexM3\ARM_GCC_541\Debug\Foco leds.a(CyFlash.o)
 .ARM.attributes
                0x000004e8       0x33 .\CortexM3\ARM_GCC_541\Debug\Foco leds.a(CySpc.o)
 .ARM.attributes
                0x0000051b       0x2d c:/program files (x86)/cypress/psoc creator/4.2/psoc creator/import/gnu/arm/5.4.1/bin/../lib/gcc/arm-none-eabi/5.4.1/../../../../arm-none-eabi/lib/armv7-m\libg_nano.a(lib_a-errno.o)
 .ARM.attributes
                0x00000548       0x2d c:/program files (x86)/cypress/psoc creator/4.2/psoc creator/import/gnu/arm/5.4.1/bin/../lib/gcc/arm-none-eabi/5.4.1/../../../../arm-none-eabi/lib/armv7-m\libg_nano.a(lib_a-exit.o)
 .ARM.attributes
                0x00000575       0x2d c:/program files (x86)/cypress/psoc creator/4.2/psoc creator/import/gnu/arm/5.4.1/bin/../lib/gcc/arm-none-eabi/5.4.1/../../../../arm-none-eabi/lib/armv7-m\libg_nano.a(lib_a-impure.o)
 .ARM.attributes
                0x000005a2       0x2d c:/program files (x86)/cypress/psoc creator/4.2/psoc creator/import/gnu/arm/5.4.1/bin/../lib/gcc/arm-none-eabi/5.4.1/../../../../arm-none-eabi/lib/armv7-m\libg_nano.a(lib_a-init.o)
 .ARM.attributes
                0x000005cf       0x2d c:/program files (x86)/cypress/psoc creator/4.2/psoc creator/import/gnu/arm/5.4.1/bin/../lib/gcc/arm-none-eabi/5.4.1/../../../../arm-none-eabi/lib/armv7-m\libg_nano.a(lib_a-memcpy-stub.o)
 .ARM.attributes
                0x000005fc       0x2d c:/program files (x86)/cypress/psoc creator/4.2/psoc creator/import/gnu/arm/5.4.1/bin/../lib/gcc/arm-none-eabi/5.4.1/../../../../arm-none-eabi/lib/armv7-m\libg_nano.a(lib_a-memset.o)
 .ARM.attributes
                0x00000629       0x2d c:/program files (x86)/cypress/psoc creator/4.2/psoc creator/import/gnu/arm/5.4.1/bin/../lib/gcc/arm-none-eabi/5.4.1/armv7-m/crtend.o
 .ARM.attributes
                0x00000656       0x1d c:/program files (x86)/cypress/psoc creator/4.2/psoc creator/import/gnu/arm/5.4.1/bin/../lib/gcc/arm-none-eabi/5.4.1/armv7-m/crtn.o

/DISCARD/
 *(.note.GNU-stack)
OUTPUT(C:\Users\acer\Documents\Embebidos\Practica 3\practica tres Foco\Foco leds.cydsn\CortexM3\ARM_GCC_541\Debug\Foco leds.elf elf32-littlearm)
